Archive member included because of file (symbol)

.\CortexM3\ARM_GCC_493\Debug\ZumoBot.a(cyfitter_cfg.o)
                              .\CortexM3\ARM_GCC_493\Debug\Cm3Start.o (cyfitter_cfg)
.\CortexM3\ARM_GCC_493\Debug\ZumoBot.a(PWM.o)
                              .\CortexM3\ARM_GCC_493\Debug\Motor.o (PWM_Stop)
.\CortexM3\ARM_GCC_493\Debug\ZumoBot.a(I2C.o)
                              .\CortexM3\ARM_GCC_493\Debug\Nunchuk.o (I2C_Start)
.\CortexM3\ARM_GCC_493\Debug\ZumoBot.a(I2C_INT.o)
                              .\CortexM3\ARM_GCC_493\Debug\ZumoBot.a(I2C.o) (I2C_ISR)
.\CortexM3\ARM_GCC_493\Debug\ZumoBot.a(I2C_PM.o)
                              .\CortexM3\ARM_GCC_493\Debug\ZumoBot.a(I2C.o) (I2C_backup)
.\CortexM3\ARM_GCC_493\Debug\ZumoBot.a(I2C_MASTER.o)
                              .\CortexM3\ARM_GCC_493\Debug\I2C_made.o (I2C_MasterWriteBuf)
.\CortexM3\ARM_GCC_493\Debug\ZumoBot.a(CyLib.o)
                              .\CortexM3\ARM_GCC_493\Debug\Cm3Start.o (CyHalt)
.\CortexM3\ARM_GCC_493\Debug\ZumoBot.a(cyPm.o)
                              .\CortexM3\ARM_GCC_493\Debug\ZumoBot.a(CyLib.o) (CyPmReadStatus)
.\CortexM3\ARM_GCC_493\Debug\ZumoBot.a(MotorDirLeft.o)
                              .\CortexM3\ARM_GCC_493\Debug\Motor.o (MotorDirLeft_Write)
.\CortexM3\ARM_GCC_493\Debug\ZumoBot.a(MotorDirRight.o)
                              .\CortexM3\ARM_GCC_493\Debug\Motor.o (MotorDirRight_Write)
.\CortexM3\ARM_GCC_493\Debug\ZumoBot.a(sensor_isr.o)
                              .\CortexM3\ARM_GCC_493\Debug\Reflectance.o (sensor_isr_StartEx)
.\CortexM3\ARM_GCC_493\Debug\ZumoBot.a(UART_1.o)
                              .\CortexM3\ARM_GCC_493\Debug\main.o (UART_1_Start)
.\CortexM3\ARM_GCC_493\Debug\ZumoBot.a(ADC_Battery.o)
                              .\CortexM3\ARM_GCC_493\Debug\main.o (ADC_Battery_Start)
.\CortexM3\ARM_GCC_493\Debug\ZumoBot.a(ADC_Battery_INT.o)
                              .\CortexM3\ARM_GCC_493\Debug\ZumoBot.a(ADC_Battery.o) (ADC_Battery_ISR)
.\CortexM3\ARM_GCC_493\Debug\ZumoBot.a(BatteryLed.o)
                              .\CortexM3\ARM_GCC_493\Debug\main.o (BatteryLed_Write)
.\CortexM3\ARM_GCC_493\Debug\ZumoBot.a(IR_receiver.o)
                              .\CortexM3\ARM_GCC_493\Debug\IR.o (IR_receiver_Read)
.\CortexM3\ARM_GCC_493\Debug\ZumoBot.a(Trig.o)
                              .\CortexM3\ARM_GCC_493\Debug\Ultra.o (Trig_Write)
.\CortexM3\ARM_GCC_493\Debug\ZumoBot.a(Timer.o)
                              .\CortexM3\ARM_GCC_493\Debug\Ultra.o (Timer_Stop)
.\CortexM3\ARM_GCC_493\Debug\ZumoBot.a(Echo.o)
                              .\CortexM3\ARM_GCC_493\Debug\Ultra.o (Echo_Read)
.\CortexM3\ARM_GCC_493\Debug\ZumoBot.a(ultra_isr.o)
                              .\CortexM3\ARM_GCC_493\Debug\Ultra.o (ultra_isr_StartEx)
.\CortexM3\ARM_GCC_493\Debug\ZumoBot.a(UART_1_IntClock.o)
                              .\CortexM3\ARM_GCC_493\Debug\ZumoBot.a(UART_1.o) (UART_1_IntClock_Start)
.\CortexM3\ARM_GCC_493\Debug\ZumoBot.a(ADC_Battery_theACLK.o)
                              .\CortexM3\ARM_GCC_493\Debug\ZumoBot.a(ADC_Battery.o) (ADC_Battery_theACLK_SetModeRegister)
.\CortexM3\ARM_GCC_493\Debug\ZumoBot.a(Buzzer_PWM.o)
                              .\CortexM3\ARM_GCC_493\Debug\Beep.o (Buzzer_PWM_Stop)
.\CortexM3\ARM_GCC_493\Debug\ZumoBot.a(L3.o)
                              .\CortexM3\ARM_GCC_493\Debug\Reflectance.o (L3_Write)
.\CortexM3\ARM_GCC_493\Debug\ZumoBot.a(Timer_L3.o)
                              .\CortexM3\ARM_GCC_493\Debug\Reflectance.o (Timer_L3_ReadStatusRegister)
.\CortexM3\ARM_GCC_493\Debug\ZumoBot.a(Timer_R3.o)
                              .\CortexM3\ARM_GCC_493\Debug\Reflectance.o (Timer_R3_ReadStatusRegister)
.\CortexM3\ARM_GCC_493\Debug\ZumoBot.a(Timer_R1.o)
                              .\CortexM3\ARM_GCC_493\Debug\Reflectance.o (Timer_R1_ReadStatusRegister)
.\CortexM3\ARM_GCC_493\Debug\ZumoBot.a(R1.o)
                              .\CortexM3\ARM_GCC_493\Debug\Reflectance.o (R1_Write)
.\CortexM3\ARM_GCC_493\Debug\ZumoBot.a(R3.o)
                              .\CortexM3\ARM_GCC_493\Debug\Reflectance.o (R3_Write)
.\CortexM3\ARM_GCC_493\Debug\ZumoBot.a(Timer_L1.o)
                              .\CortexM3\ARM_GCC_493\Debug\Reflectance.o (Timer_L1_ReadStatusRegister)
.\CortexM3\ARM_GCC_493\Debug\ZumoBot.a(L1.o)
                              .\CortexM3\ARM_GCC_493\Debug\Reflectance.o (L1_Write)
.\CortexM3\ARM_GCC_493\Debug\ZumoBot.a(CyBootAsmGnu.o)
                              .\CortexM3\ARM_GCC_493\Debug\ZumoBot.a(cyfitter_cfg.o) (CyDelayCycles)
.\CortexM3\ARM_GCC_493\Debug\ZumoBot.a(CyFlash.o)
                              .\CortexM3\ARM_GCC_493\Debug\ZumoBot.a(cyPm.o) (CyFlash_SetWaitCycles)
.\CortexM3\ARM_GCC_493\Debug\ZumoBot.a(CySpc.o)
                              .\CortexM3\ARM_GCC_493\Debug\ZumoBot.a(CyFlash.o) (CySpcStart)
[...]
Memory Configuration

Name             Origin             Length             Attributes
rom              0x00000000         0x00040000         xr
ram              0x1fff8000         0x00010000         xrw
*default*        0x00000000         0xffffffff

Linker script and memory map

LOAD d:/program files/psoc creator 4/psoc creator/4.0/psoc creator/import/gnu/arm/4.9.3/bin/../lib/gcc/arm-none-eabi/4.9.3/armv7-m/crti.o
LOAD d:/program files/psoc creator 4/psoc creator/4.0/psoc creator/import/gnu/arm/4.9.3/bin/../lib/gcc/arm-none-eabi/4.9.3/armv7-m/crtbegin.o
LOAD d:/program files/psoc creator 4/psoc creator/4.0/psoc creator/import/gnu/arm/4.9.3/bin/../lib/gcc/arm-none-eabi/4.9.3/../../../../arm-none-eabi/lib/armv7-m/crt0.o
START GROUP
LOAD .\CortexM3\ARM_GCC_493\Debug\main.o
LOAD .\CortexM3\ARM_GCC_493\Debug\Accel.o
LOAD .\CortexM3\ARM_GCC_493\Debug\Ambient.o
LOAD .\CortexM3\ARM_GCC_493\Debug\Gyro.o
LOAD .\CortexM3\ARM_GCC_493\Debug\I2C_made.o
LOAD .\CortexM3\ARM_GCC_493\Debug\IR.o
LOAD .\CortexM3\ARM_GCC_493\Debug\Magnet.o
LOAD .\CortexM3\ARM_GCC_493\Debug\Motor.o
LOAD .\CortexM3\ARM_GCC_493\Debug\Nunchuk.o
LOAD .\CortexM3\ARM_GCC_493\Debug\Reflectance.o
LOAD .\CortexM3\ARM_GCC_493\Debug\Ultra.o
LOAD .\CortexM3\ARM_GCC_493\Debug\Beep.o
LOAD .\CortexM3\ARM_GCC_493\Debug\cymetadata.o
LOAD .\CortexM3\ARM_GCC_493\Debug\Cm3Start.o
LOAD .\CortexM3\ARM_GCC_493\Debug\ZumoBot.a
LOAD D:\Program Files\PSoC creator 4\PSoC Creator\4.0\PSoC Creator\psoc\content\cycomponentlibrary\CyComponentLibrary.cylib\CortexM3\ARM_GCC_493\Debug\CyComponentLibrary.a
LOAD d:/program files/psoc creator 4/psoc creator/4.0/psoc creator/import/gnu/arm/4.9.3/bin/../lib/gcc/arm-none-eabi/4.9.3/../../../../arm-none-eabi/lib/armv7-m\libm.a
END GROUP
START GROUP
LOAD d:/program files/psoc creator 4/psoc creator/4.0/psoc creator/import/gnu/arm/4.9.3/bin/../lib/gcc/arm-none-eabi/4.9.3/armv7-m\libgcc.a
LOAD d:/program files/psoc creator 4/psoc creator/4.0/psoc creator/import/gnu/arm/4.9.3/bin/../lib/gcc/arm-none-eabi/4.9.3/../../../../arm-none-eabi/lib/armv7-m\libg.a
LOAD d:/program files/psoc creator 4/psoc creator/4.0/psoc creator/import/gnu/arm/4.9.3/bin/../lib/gcc/arm-none-eabi/4.9.3/../../../../arm-none-eabi/lib/armv7-m\libc.a
END GROUP
LOAD d:/program files/psoc creator 4/psoc creator/4.0/psoc creator/import/gnu/arm/4.9.3/bin/../lib/gcc/arm-none-eabi/4.9.3/armv7-m/crtend.o
LOAD d:/program files/psoc creator 4/psoc creator/4.0/psoc creator/import/gnu/arm/4.9.3/bin/../lib/gcc/arm-none-eabi/4.9.3/armv7-m/crtn.o
START GROUP
LOAD d:/program files/psoc creator 4/psoc creator/4.0/psoc creator/import/gnu/arm/4.9.3/bin/../lib/gcc/arm-none-eabi/4.9.3/armv7-m\libgcc.a
LOAD d:/program files/psoc creator 4/psoc creator/4.0/psoc creator/import/gnu/arm/4.9.3/bin/../lib/gcc/arm-none-eabi/4.9.3/../../../../arm-none-eabi/lib/armv7-m\libc.a
LOAD d:/program files/psoc creator 4/psoc creator/4.0/psoc creator/import/gnu/arm/4.9.3/bin/../lib/gcc/arm-none-eabi/4.9.3/../../../../arm-none-eabi/lib/armv7-m\libnosys.a
END GROUP
                0x00000000                CY_APPL_ORIGIN = 0x0
                0x00000100                CY_FLASH_ROW_SIZE = 0x100
                0x00000020                CY_ECC_ROW_SIZE = 0x20
                0x00000000                CY_EE_IN_BTLDR = 0x0
                0x00000000                CY_APPL_LOADABLE = 0x0
                0x00000800                CY_EE_SIZE = 0x800
                0x00000001                CY_APPL_NUM = 0x1
                0x00000001                CY_APPL_MAX = 0x1
                0x00000040                CY_METADATA_SIZE = 0x40
                0x00000000                CY_APPL_LOADABLE = 0x0
                0x00000000                CY_CHECKSUM_EXCLUDE_SIZE = ALIGN (0x0, CY_FLASH_ROW_SIZE)
                0x1fff8a28                PROVIDE (__cy_heap_start, _end)
                0x00000001                PROVIDE (__cy_region_num, ((__cy_regions_end - __cy_regions) / 0x10))
                0x20008000                PROVIDE (__cy_stack, (ORIGIN (ram) + 0x10000))
                0x20007800                PROVIDE (__cy_heap_end, (__cy_stack - 0x800))

.cybootloader   0x00000000        0x0
 *(.cybootloader)
                0x00000000                appl1_start = CY_APPL_ORIGIN?CY_APPL_ORIGIN:ALIGN (CY_FLASH_ROW_SIZE)
                0x0001ff00                appl2_start = (appl1_start + ALIGN ((((0x40000 - appl1_start) - (0x2 * CY_FLASH_ROW_SIZE)) / 0x2), CY_FLASH_ROW_SIZE))
                0x00000000                appl_start = (CY_APPL_NUM == 0x1)?appl1_start:appl2_start
                0x00000000                ecc_offset = ((appl_start / CY_FLASH_ROW_SIZE) * CY_ECC_ROW_SIZE)
                0x00000000                ee_offset = (CY_APPL_LOADABLE && ! (CY_EE_IN_BTLDR))?((CY_EE_SIZE / CY_APPL_MAX) * (CY_APPL_NUM - 0x1)):0x0
                0x00000800                ee_size = (CY_APPL_LOADABLE && ! (CY_EE_IN_BTLDR))?(CY_EE_SIZE / CY_APPL_MAX):CY_EE_SIZE
                0x00000000                PROVIDE (CY_ECC_OFFSET, ecc_offset)

.text           0x00000000     0x5fc8
 CREATE_OBJECT_SYMBOLS
                0x00000000                PROVIDE (__cy_interrupt_vector, RomVectors)
 *(.romvectors)
 .romvectors    0x00000000       0x10 .\CortexM3\ARM_GCC_493\Debug\Cm3Start.o
                0x00000000                RomVectors
                0x00000001                ASSERT ((. != __cy_interrupt_vector), No interrupt vector)
                0x00000001                ASSERT (CY_APPL_ORIGIN?(SIZEOF (.cybootloader) <= CY_APPL_ORIGIN):0x1, Wrong image location)
                0x00000010                PROVIDE (__cy_reset, Reset)
 *(.text.Reset)
 .text.Reset    0x00000010       0x18 .\CortexM3\ARM_GCC_493\Debug\Cm3Start.o
                0x00000010                Reset
                0x00000001                ASSERT ((. != __cy_reset), No reset code)
 *(.dma_init)
                0x00000001                ASSERT ((((appl_start + .) <= 0x10000) || 0x1), DMA Init must be within the first 64k of flash)
 *(.text .text.* .gnu.linkonce.t.*)
 .text          0x00000028       0x5c d:/program files/psoc creator 4/psoc creator/4.0/psoc creator/import/gnu/arm/4.9.3/bin/../lib/gcc/arm-none-eabi/4.9.3/armv7-m/crtbegin.o
 .text.main     0x00000084       0x30 .\CortexM3\ARM_GCC_493\Debug\main.o
                0x00000084                main
 .text._write   0x000000b4       0x2c .\CortexM3\ARM_GCC_493\Debug\main.o
                0x000000b4                _write
 .text._read    0x000000e0       0x38 .\CortexM3\ARM_GCC_493\Debug\main.o
                0x000000e0                _read
 .text.wait_going_down
                0x00000118        0xc .\CortexM3\ARM_GCC_493\Debug\IR.o
                0x00000118                wait_going_down
 .text.count_downtime
                0x00000124       0x14 .\CortexM3\ARM_GCC_493\Debug\IR.o
                0x00000124                count_downtime
 .text.count_uptime
                0x00000138       0x14 .\CortexM3\ARM_GCC_493\Debug\IR.o
                0x00000138                count_uptime
 .text.get_IR   0x0000014c       0x6c .\CortexM3\ARM_GCC_493\Debug\IR.o
                0x0000014c                get_IR
 .text.IntDefaultHandler
                0x000001b8       0x10 .\CortexM3\ARM_GCC_493\Debug\Cm3Start.o
                0x000001b8                IntDefaultHandler
 .text._sbrk    0x000001c8       0x30 .\CortexM3\ARM_GCC_493\Debug\Cm3Start.o
                0x000001c8                _sbrk
 .text.Start_c  0x000001f8       0x4c .\CortexM3\ARM_GCC_493\Debug\Cm3Start.o
                0x000001f8                Start_c
 .text.initialize_psoc
                0x00000244       0x74 .\CortexM3\ARM_GCC_493\Debug\Cm3Start.o
                0x00000244                initialize_psoc
 .text.CyClockStartupError
                0x000002b8        0x4 .\CortexM3\ARM_GCC_493\Debug\ZumoBot.a(cyfitter_cfg.o)
 .text.cfg_write_bytes32
                0x000002bc       0x34 .\CortexM3\ARM_GCC_493\Debug\ZumoBot.a(cyfitter_cfg.o)
 .text.CYMEMZERO
                0x000002f0        0xc .\CortexM3\ARM_GCC_493\Debug\ZumoBot.a(cyfitter_cfg.o)
 .text.ClockSetup
                0x000002fc       0xf0 .\CortexM3\ARM_GCC_493\Debug\ZumoBot.a(cyfitter_cfg.o)
 .text.AnalogSetDefault
                0x000003ec       0x80 .\CortexM3\ARM_GCC_493\Debug\ZumoBot.a(cyfitter_cfg.o)
 .text.CYCONFIGCPY
                0x0000046c        0x8 .\CortexM3\ARM_GCC_493\Debug\ZumoBot.a(cyfitter_cfg.o)
 .text.cyfitter_cfg
                0x00000474      0x144 .\CortexM3\ARM_GCC_493\Debug\ZumoBot.a(cyfitter_cfg.o)
                0x00000474                cyfitter_cfg
 .text.CyHalt   0x000005b8        0x4 .\CortexM3\ARM_GCC_493\Debug\ZumoBot.a(CyLib.o)
                0x000005b8                CyHalt
 .text.CyDelayUs
                0x000005bc       0x14 .\CortexM3\ARM_GCC_493\Debug\ZumoBot.a(CyLib.o)
                0x000005bc                CyDelayUs
 .text.CyIntSetVector
                0x000005d0       0x28 .\CortexM3\ARM_GCC_493\Debug\ZumoBot.a(CyLib.o)
                0x000005d0                CyIntSetVector
 .text.CyIntSetPriority
                0x000005f8       0x30 .\CortexM3\ARM_GCC_493\Debug\ZumoBot.a(CyLib.o)
                0x000005f8                CyIntSetPriority
 .text.UART_1_Init
                0x00000628       0x28 .\CortexM3\ARM_GCC_493\Debug\ZumoBot.a(UART_1.o)
                0x00000628                UART_1_Init
 .text.UART_1_Enable
                0x00000650       0x38 .\CortexM3\ARM_GCC_493\Debug\ZumoBot.a(UART_1.o)
                0x00000650                UART_1_Enable
 .text.UART_1_Start
                0x00000688       0x1c .\CortexM3\ARM_GCC_493\Debug\ZumoBot.a(UART_1.o)
                0x00000688                UART_1_Start
 .text.UART_1_GetChar
                0x000006a4       0x2c .\CortexM3\ARM_GCC_493\Debug\ZumoBot.a(UART_1.o)
                0x000006a4                UART_1_GetChar
 .text.UART_1_PutChar
                0x000006d0       0x18 .\CortexM3\ARM_GCC_493\Debug\ZumoBot.a(UART_1.o)
                0x000006d0                UART_1_PutChar
 .text.ADC_Battery_CalcGain
                0x000006e8       0x64 .\CortexM3\ARM_GCC_493\Debug\ZumoBot.a(ADC_Battery.o)
 .text.ADC_Battery_Enable
                0x0000074c       0x94 .\CortexM3\ARM_GCC_493\Debug\ZumoBot.a(ADC_Battery.o)
                0x0000074c                ADC_Battery_Enable
 .text.ADC_Battery_SetResolution
                0x000007e0       0x38 .\CortexM3\ARM_GCC_493\Debug\ZumoBot.a(ADC_Battery.o)
                0x000007e0                ADC_Battery_SetResolution
 .text.ADC_Battery_Init
                0x00000818       0x3c .\CortexM3\ARM_GCC_493\Debug\ZumoBot.a(ADC_Battery.o)
                0x00000818                ADC_Battery_Init
 .text.ADC_Battery_Start
                0x00000854       0x1c .\CortexM3\ARM_GCC_493\Debug\ZumoBot.a(ADC_Battery.o)
                0x00000854                ADC_Battery_Start
 .text.ADC_Battery_ISR
                0x00000870        0x4 .\CortexM3\ARM_GCC_493\Debug\ZumoBot.a(ADC_Battery_INT.o)
                0x00000870                ADC_Battery_ISR
 .text.BatteryLed_Write
                0x00000874       0x18 .\CortexM3\ARM_GCC_493\Debug\ZumoBot.a(BatteryLed.o)
                0x00000874                BatteryLed_Write
 .text.IR_receiver_Read
                0x0000088c        0xc .\CortexM3\ARM_GCC_493\Debug\ZumoBot.a(IR_receiver.o)
                0x0000088c                IR_receiver_Read
 .text.UART_1_IntClock_Start
                0x00000898       0x1c .\CortexM3\ARM_GCC_493\Debug\ZumoBot.a(UART_1_IntClock.o)
                0x00000898                UART_1_IntClock_Start
 .text.ADC_Battery_theACLK_SetModeRegister
                0x000008b4       0x14 .\CortexM3\ARM_GCC_493\Debug\ZumoBot.a(ADC_Battery_theACLK.o)
                0x000008b4                ADC_Battery_theACLK_SetModeRegister
 .text          0x000008c8       0x20 .\CortexM3\ARM_GCC_493\Debug\ZumoBot.a(CyBootAsmGnu.o)
                0x000008c8                CyDelayCycles
                0x000008d8                CyEnterCriticalSection
                0x000008e0                CyExitCriticalSection
 .text.__fpclassifyd
                0x000008e8       0x58 d:/program files/psoc creator 4/psoc creator/4.0/psoc creator/import/gnu/arm/4.9.3/bin/../lib/gcc/arm-none-eabi/4.9.3/../../../../arm-none-eabi/lib/armv7-m\libm.a(lib_a-s_fpclassify.o)
                0x000008e8                __fpclassifyd
 .text          0x00000940      0x370 d:/program files/psoc creator 4/psoc creator/4.0/psoc creator/import/gnu/arm/4.9.3/bin/../lib/gcc/arm-none-eabi/4.9.3/armv7-m\libgcc.a(_arm_addsubdf3.o)
                0x00000940                __aeabi_drsub
                0x00000948                __aeabi_dsub
                0x00000948                __subdf3
                0x0000094c                __aeabi_dadd
                0x0000094c                __adddf3
                0x00000bc4                __floatunsidf
                0x00000bc4                __aeabi_ui2d
                0x00000be4                __floatsidf
                0x00000be4                __aeabi_i2d
                0x00000c08                __aeabi_f2d
                0x00000c08                __extendsfdf2
                0x00000c44                __floatundidf
                0x00000c44                __aeabi_ul2d
                0x00000c54                __floatdidf
                0x00000c54                __aeabi_l2d
 .text          0x00000cb0      0x424 d:/program files/psoc creator 4/psoc creator/4.0/psoc creator/import/gnu/arm/4.9.3/bin/../lib/gcc/arm-none-eabi/4.9.3/armv7-m\libgcc.a(_arm_muldivdf3.o)
                0x00000cb0                __aeabi_dmul
                0x00000cb0                __muldf3
                0x00000f04                __divdf3
                0x00000f04                __aeabi_ddiv
 .text          0x000010d4      0x110 d:/program files/psoc creator 4/psoc creator/4.0/psoc creator/import/gnu/arm/4.9.3/bin/../lib/gcc/arm-none-eabi/4.9.3/armv7-m\libgcc.a(_arm_cmpdf2.o)
                0x000010d4                __gtdf2
                0x000010d4                __gedf2
                0x000010dc                __ltdf2
                0x000010dc                __ledf2
                0x000010e4                __nedf2
                0x000010e4                __eqdf2
                0x000010e4                __cmpdf2
                0x00001160                __aeabi_cdrcmple
                0x00001170                __aeabi_cdcmpeq
                0x00001170                __aeabi_cdcmple
                0x00001180                __aeabi_dcmpeq
                0x00001194                __aeabi_dcmplt
                0x000011a8                __aeabi_dcmple
                0x000011bc                __aeabi_dcmpge
                0x000011d0                __aeabi_dcmpgt
 .text          0x000011e4       0x60 d:/program files/psoc creator 4/psoc creator/4.0/psoc creator/import/gnu/arm/4.9.3/bin/../lib/gcc/arm-none-eabi/4.9.3/armv7-m\libgcc.a(bpabi.o)
                0x000011e4                __gnu_ldivmod_helper
                0x00001214                __gnu_uldivmod_helper
 .text          0x00001244        0x4 d:/program files/psoc creator 4/psoc creator/4.0/psoc creator/import/gnu/arm/4.9.3/bin/../lib/gcc/arm-none-eabi/4.9.3/armv7-m\libgcc.a(_dvmd_tls.o)
                0x00001244                __aeabi_idiv0
                0x00001244                __aeabi_ldiv0
 .text          0x00001248      0x2ac d:/program files/psoc creator 4/psoc creator/4.0/psoc creator/import/gnu/arm/4.9.3/bin/../lib/gcc/arm-none-eabi/4.9.3/armv7-m\libgcc.a(_divdi3.o)
                0x00001248                __divdi3
 .text          0x000014f4      0x270 d:/program files/psoc creator 4/psoc creator/4.0/psoc creator/import/gnu/arm/4.9.3/bin/../lib/gcc/arm-none-eabi/4.9.3/armv7-m\libgcc.a(_udivdi3.o)
                0x000014f4                __udivdi3
 .text.__errno  0x00001764        0xc d:/program files/psoc creator 4/psoc creator/4.0/psoc creator/import/gnu/arm/4.9.3/bin/../lib/gcc/arm-none-eabi/4.9.3/../../../../arm-none-eabi/lib/armv7-m\libg.a(lib_a-errno.o)
                0x00001764                __errno
 .text.__libc_init_array
                0x00001770       0x50 d:/program files/psoc creator 4/psoc creator/4.0/psoc creator/import/gnu/arm/4.9.3/bin/../lib/gcc/arm-none-eabi/4.9.3/../../../../arm-none-eabi/lib/armv7-m\libg.a(lib_a-init.o)
                0x00001770                __libc_init_array
 .text          0x000017c0       0xec d:/program files/psoc creator 4/psoc creator/4.0/psoc creator/import/gnu/arm/4.9.3/bin/../lib/gcc/arm-none-eabi/4.9.3/../../../../arm-none-eabi/lib/armv7-m\libg.a(lib_a-memcpy.o)
                0x000017c0                memcpy
 .text.memset   0x000018ac       0x9c d:/program files/psoc creator 4/psoc creator/4.0/psoc creator/import/gnu/arm/4.9.3/bin/../lib/gcc/arm-none-eabi/4.9.3/../../../../arm-none-eabi/lib/armv7-m\libg.a(lib_a-memset.o)
                0x000018ac                memset
 .text.printf   0x00001948       0x28 d:/program files/psoc creator 4/psoc creator/4.0/psoc creator/import/gnu/arm/4.9.3/bin/../lib/gcc/arm-none-eabi/4.9.3/../../../../arm-none-eabi/lib/armv7-m\libg.a(lib_a-printf.o)
                0x00001948                printf
 .text._puts_r  0x00001970       0x60 d:/program files/psoc creator 4/psoc creator/4.0/psoc creator/import/gnu/arm/4.9.3/bin/../lib/gcc/arm-none-eabi/4.9.3/../../../../arm-none-eabi/lib/armv7-m\libg.a(lib_a-puts.o)
                0x00001970                _puts_r
 .text.puts     0x000019d0       0x10 d:/program files/psoc creator 4/psoc creator/4.0/psoc creator/import/gnu/arm/4.9.3/bin/../lib/gcc/arm-none-eabi/4.9.3/../../../../arm-none-eabi/lib/armv7-m\libg.a(lib_a-puts.o)
                0x000019d0                puts
 .text.strlen   0x000019e0       0x5c d:/program files/psoc creator 4/psoc creator/4.0/psoc creator/import/gnu/arm/4.9.3/bin/../lib/gcc/arm-none-eabi/4.9.3/../../../../arm-none-eabi/lib/armv7-m\libg.a(lib_a-strlen.o)
                0x000019e0                strlen
 .text._vfprintf_r
                0x00001a3c     0x1448 d:/program files/psoc creator 4/psoc creator/4.0/psoc creator/import/gnu/arm/4.9.3/bin/../lib/gcc/arm-none-eabi/4.9.3/../../../../arm-none-eabi/lib/armv7-m\libg.a(lib_a-vfprintf.o)
                0x00001a3c                _vfprintf_r
 .text.__sbprintf
                0x00002e84       0x7c d:/program files/psoc creator 4/psoc creator/4.0/psoc creator/import/gnu/arm/4.9.3/bin/../lib/gcc/arm-none-eabi/4.9.3/../../../../arm-none-eabi/lib/armv7-m\libg.a(lib_a-vfprintf.o)
 .text.__swsetup_r
                0x00002f00       0xc4 d:/program files/psoc creator 4/psoc creator/4.0/psoc creator/import/gnu/arm/4.9.3/bin/../lib/gcc/arm-none-eabi/4.9.3/../../../../arm-none-eabi/lib/armv7-m\libg.a(lib_a-wsetup.o)
                0x00002f00                __swsetup_r
 .text.startup.register_fini
                0x00002fc4       0x14 d:/program files/psoc creator 4/psoc creator/4.0/psoc creator/import/gnu/arm/4.9.3/bin/../lib/gcc/arm-none-eabi/4.9.3/../../../../arm-none-eabi/lib/armv7-m\libg.a(lib_a-__call_atexit.o)
 .text.atexit   0x00002fd8        0xc d:/program files/psoc creator 4/psoc creator/4.0/psoc creator/import/gnu/arm/4.9.3/bin/../lib/gcc/arm-none-eabi/4.9.3/../../../../arm-none-eabi/lib/armv7-m\libg.a(lib_a-atexit.o)
                0x00002fd8                atexit
 .text.quorem   0x00002fe4      0x130 d:/program files/psoc creator 4/psoc creator/4.0/psoc creator/import/gnu/arm/4.9.3/bin/../lib/gcc/arm-none-eabi/4.9.3/../../../../arm-none-eabi/lib/armv7-m\libg.a(lib_a-dtoa.o)
 *fill*         0x00003114        0x4 
 .text._dtoa_r  0x00003118      0xea8 d:/program files/psoc creator 4/psoc creator/4.0/psoc creator/import/gnu/arm/4.9.3/bin/../lib/gcc/arm-none-eabi/4.9.3/../../../../arm-none-eabi/lib/armv7-m\libg.a(lib_a-dtoa.o)
                0x00003118                _dtoa_r
 .text.__sflush_r
                0x00003fc0      0x148 d:/program files/psoc creator 4/psoc creator/4.0/psoc creator/import/gnu/arm/4.9.3/bin/../lib/gcc/arm-none-eabi/4.9.3/../../../../arm-none-eabi/lib/armv7-m\libg.a(lib_a-fflush.o)
                0x00003fc0                __sflush_r
 .text._fflush_r
                0x00004108       0x2c d:/program files/psoc creator 4/psoc creator/4.0/psoc creator/import/gnu/arm/4.9.3/bin/../lib/gcc/arm-none-eabi/4.9.3/../../../../arm-none-eabi/lib/armv7-m\libg.a(lib_a-fflush.o)
                0x00004108                _fflush_r
 .text._cleanup_r
                0x00004134        0xc d:/program files/psoc creator 4/psoc creator/4.0/psoc creator/import/gnu/arm/4.9.3/bin/../lib/gcc/arm-none-eabi/4.9.3/../../../../arm-none-eabi/lib/armv7-m\libg.a(lib_a-findfp.o)
                0x00004134                _cleanup_r
 .text.__sinit.part.1
                0x00004140       0xf0 d:/program files/psoc creator 4/psoc creator/4.0/psoc creator/import/gnu/arm/4.9.3/bin/../lib/gcc/arm-none-eabi/4.9.3/../../../../arm-none-eabi/lib/armv7-m\libg.a(lib_a-findfp.o)
 .text.__sinit  0x00004230        0xc d:/program files/psoc creator 4/psoc creator/4.0/psoc creator/import/gnu/arm/4.9.3/bin/../lib/gcc/arm-none-eabi/4.9.3/../../../../arm-none-eabi/lib/armv7-m\libg.a(lib_a-findfp.o)
                0x00004230                __sinit
 .text.__sfp_lock_acquire
                0x0000423c        0x4 d:/program files/psoc creator 4/psoc creator/4.0/psoc creator/import/gnu/arm/4.9.3/bin/../lib/gcc/arm-none-eabi/4.9.3/../../../../arm-none-eabi/lib/armv7-m\libg.a(lib_a-findfp.o)
                0x0000423c                __sfp_lock_acquire
 .text.__sfp_lock_release
                0x00004240        0x4 d:/program files/psoc creator 4/psoc creator/4.0/psoc creator/import/gnu/arm/4.9.3/bin/../lib/gcc/arm-none-eabi/4.9.3/../../../../arm-none-eabi/lib/armv7-m\libg.a(lib_a-findfp.o)
                0x00004240                __sfp_lock_release
 .text.__libc_fini_array
                0x00004244       0x2c d:/program files/psoc creator 4/psoc creator/4.0/psoc creator/import/gnu/arm/4.9.3/bin/../lib/gcc/arm-none-eabi/4.9.3/../../../../arm-none-eabi/lib/armv7-m\libg.a(lib_a-fini.o)
                0x00004244                __libc_fini_array
 .text._malloc_trim_r
                0x00004270       0x9c d:/program files/psoc creator 4/psoc creator/4.0/psoc creator/import/gnu/arm/4.9.3/bin/../lib/gcc/arm-none-eabi/4.9.3/../../../../arm-none-eabi/lib/armv7-m\libg.a(lib_a-freer.o)
                0x00004270                _malloc_trim_r
 .text._free_r  0x0000430c      0x1b0 d:/program files/psoc creator 4/psoc creator/4.0/psoc creator/import/gnu/arm/4.9.3/bin/../lib/gcc/arm-none-eabi/4.9.3/../../../../arm-none-eabi/lib/armv7-m\libg.a(lib_a-freer.o)
                0x0000430c                _free_r
 .text.__sfvwrite_r
                0x000044bc      0x320 d:/program files/psoc creator 4/psoc creator/4.0/psoc creator/import/gnu/arm/4.9.3/bin/../lib/gcc/arm-none-eabi/4.9.3/../../../../arm-none-eabi/lib/armv7-m\libg.a(lib_a-fvwrite.o)
                0x000044bc                __sfvwrite_r
 .text._fwalk_reent
                0x000047dc       0x50 d:/program files/psoc creator 4/psoc creator/4.0/psoc creator/import/gnu/arm/4.9.3/bin/../lib/gcc/arm-none-eabi/4.9.3/../../../../arm-none-eabi/lib/armv7-m\libg.a(lib_a-fwalk.o)
                0x000047dc                _fwalk_reent
 .text.__locale_charset
                0x0000482c        0x8 d:/program files/psoc creator 4/psoc creator/4.0/psoc creator/import/gnu/arm/4.9.3/bin/../lib/gcc/arm-none-eabi/4.9.3/../../../../arm-none-eabi/lib/armv7-m\libg.a(lib_a-locale.o)
                0x0000482c                __locale_charset
 .text.__locale_mb_cur_max
                0x00004834        0xc d:/program files/psoc creator 4/psoc creator/4.0/psoc creator/import/gnu/arm/4.9.3/bin/../lib/gcc/arm-none-eabi/4.9.3/../../../../arm-none-eabi/lib/armv7-m\libg.a(lib_a-locale.o)
                0x00004834                __locale_mb_cur_max
 .text._localeconv_r
                0x00004840        0x8 d:/program files/psoc creator 4/psoc creator/4.0/psoc creator/import/gnu/arm/4.9.3/bin/../lib/gcc/arm-none-eabi/4.9.3/../../../../arm-none-eabi/lib/armv7-m\libg.a(lib_a-locale.o)
                0x00004840                _localeconv_r
 .text.__smakebuf_r
                0x00004848       0xe0 d:/program files/psoc creator 4/psoc creator/4.0/psoc creator/import/gnu/arm/4.9.3/bin/../lib/gcc/arm-none-eabi/4.9.3/../../../../arm-none-eabi/lib/armv7-m\libg.a(lib_a-makebuf.o)
                0x00004848                __smakebuf_r
 .text._malloc_r
                0x00004928      0x50c d:/program files/psoc creator 4/psoc creator/4.0/psoc creator/import/gnu/arm/4.9.3/bin/../lib/gcc/arm-none-eabi/4.9.3/../../../../arm-none-eabi/lib/armv7-m\libg.a(lib_a-mallocr.o)
                0x00004928                _malloc_r
 .text.memchr   0x00004e34       0x94 d:/program files/psoc creator 4/psoc creator/4.0/psoc creator/import/gnu/arm/4.9.3/bin/../lib/gcc/arm-none-eabi/4.9.3/../../../../arm-none-eabi/lib/armv7-m\libg.a(lib_a-memchr.o)
                0x00004e34                memchr
 .text.memmove  0x00004ec8       0xc8 d:/program files/psoc creator 4/psoc creator/4.0/psoc creator/import/gnu/arm/4.9.3/bin/../lib/gcc/arm-none-eabi/4.9.3/../../../../arm-none-eabi/lib/armv7-m\libg.a(lib_a-memmove.o)
                0x00004ec8                memmove
 .text.__malloc_lock
                0x00004f90        0x4 d:/program files/psoc creator 4/psoc creator/4.0/psoc creator/import/gnu/arm/4.9.3/bin/../lib/gcc/arm-none-eabi/4.9.3/../../../../arm-none-eabi/lib/armv7-m\libg.a(lib_a-mlock.o)
                0x00004f90                __malloc_lock
 .text.__malloc_unlock
                0x00004f94        0x4 d:/program files/psoc creator 4/psoc creator/4.0/psoc creator/import/gnu/arm/4.9.3/bin/../lib/gcc/arm-none-eabi/4.9.3/../../../../arm-none-eabi/lib/armv7-m\libg.a(lib_a-mlock.o)
                0x00004f94                __malloc_unlock
 .text._Balloc  0x00004f98       0x50 d:/program files/psoc creator 4/psoc creator/4.0/psoc creator/import/gnu/arm/4.9.3/bin/../lib/gcc/arm-none-eabi/4.9.3/../../../../arm-none-eabi/lib/armv7-m\libg.a(lib_a-mprec.o)
                0x00004f98                _Balloc
 .text._Bfree   0x00004fe8       0x14 d:/program files/psoc creator 4/psoc creator/4.0/psoc creator/import/gnu/arm/4.9.3/bin/../lib/gcc/arm-none-eabi/4.9.3/../../../../arm-none-eabi/lib/armv7-m\libg.a(lib_a-mprec.o)
                0x00004fe8                _Bfree
 .text.__multadd
                0x00004ffc       0x84 d:/program files/psoc creator 4/psoc creator/4.0/psoc creator/import/gnu/arm/4.9.3/bin/../lib/gcc/arm-none-eabi/4.9.3/../../../../arm-none-eabi/lib/armv7-m\libg.a(lib_a-mprec.o)
                0x00004ffc                __multadd
 .text.__hi0bits
                0x00005080       0x40 d:/program files/psoc creator 4/psoc creator/4.0/psoc creator/import/gnu/arm/4.9.3/bin/../lib/gcc/arm-none-eabi/4.9.3/../../../../arm-none-eabi/lib/armv7-m\libg.a(lib_a-mprec.o)
                0x00005080                __hi0bits
 .text.__lo0bits
                0x000050c0       0x5c d:/program files/psoc creator 4/psoc creator/4.0/psoc creator/import/gnu/arm/4.9.3/bin/../lib/gcc/arm-none-eabi/4.9.3/../../../../arm-none-eabi/lib/armv7-m\libg.a(lib_a-mprec.o)
                0x000050c0                __lo0bits
 .text.__i2b    0x0000511c       0x14 d:/program files/psoc creator 4/psoc creator/4.0/psoc creator/import/gnu/arm/4.9.3/bin/../lib/gcc/arm-none-eabi/4.9.3/../../../../arm-none-eabi/lib/armv7-m\libg.a(lib_a-mprec.o)
                0x0000511c                __i2b
 .text.__multiply
                0x00005130      0x140 d:/program files/psoc creator 4/psoc creator/4.0/psoc creator/import/gnu/arm/4.9.3/bin/../lib/gcc/arm-none-eabi/4.9.3/../../../../arm-none-eabi/lib/armv7-m\libg.a(lib_a-mprec.o)
                0x00005130                __multiply
 .text.__pow5mult
                0x00005270       0xa0 d:/program files/psoc creator 4/psoc creator/4.0/psoc creator/import/gnu/arm/4.9.3/bin/../lib/gcc/arm-none-eabi/4.9.3/../../../../arm-none-eabi/lib/armv7-m\libg.a(lib_a-mprec.o)
                0x00005270                __pow5mult
 .text.__lshift
                0x00005310       0xb0 d:/program files/psoc creator 4/psoc creator/4.0/psoc creator/import/gnu/arm/4.9.3/bin/../lib/gcc/arm-none-eabi/4.9.3/../../../../arm-none-eabi/lib/armv7-m\libg.a(lib_a-mprec.o)
                0x00005310                __lshift
 .text.__mcmp   0x000053c0       0x48 d:/program files/psoc creator 4/psoc creator/4.0/psoc creator/import/gnu/arm/4.9.3/bin/../lib/gcc/arm-none-eabi/4.9.3/../../../../arm-none-eabi/lib/armv7-m\libg.a(lib_a-mprec.o)
                0x000053c0                __mcmp
 .text.__mdiff  0x00005408       0xe4 d:/program files/psoc creator 4/psoc creator/4.0/psoc creator/import/gnu/arm/4.9.3/bin/../lib/gcc/arm-none-eabi/4.9.3/../../../../arm-none-eabi/lib/armv7-m\libg.a(lib_a-mprec.o)
                0x00005408                __mdiff
 .text.__d2b    0x000054ec       0xa8 d:/program files/psoc creator 4/psoc creator/4.0/psoc creator/import/gnu/arm/4.9.3/bin/../lib/gcc/arm-none-eabi/4.9.3/../../../../arm-none-eabi/lib/armv7-m\libg.a(lib_a-mprec.o)
                0x000054ec                __d2b
 .text._realloc_r
                0x00005594      0x3e0 d:/program files/psoc creator 4/psoc creator/4.0/psoc creator/import/gnu/arm/4.9.3/bin/../lib/gcc/arm-none-eabi/4.9.3/../../../../arm-none-eabi/lib/armv7-m\libg.a(lib_a-reallocr.o)
                0x00005594                _realloc_r
 .text._sbrk_r  0x00005974       0x24 d:/program files/psoc creator 4/psoc creator/4.0/psoc creator/import/gnu/arm/4.9.3/bin/../lib/gcc/arm-none-eabi/4.9.3/../../../../arm-none-eabi/lib/armv7-m\libg.a(lib_a-sbrkr.o)
                0x00005974                _sbrk_r
 .text.__sread  0x00005998       0x24 d:/program files/psoc creator 4/psoc creator/4.0/psoc creator/import/gnu/arm/4.9.3/bin/../lib/gcc/arm-none-eabi/4.9.3/../../../../arm-none-eabi/lib/armv7-m\libg.a(lib_a-stdio.o)
                0x00005998                __sread
 .text.__swrite
                0x000059bc       0x38 d:/program files/psoc creator 4/psoc creator/4.0/psoc creator/import/gnu/arm/4.9.3/bin/../lib/gcc/arm-none-eabi/4.9.3/../../../../arm-none-eabi/lib/armv7-m\libg.a(lib_a-stdio.o)
                0x000059bc                __swrite
 .text.__sseek  0x000059f4       0x20 d:/program files/psoc creator 4/psoc creator/4.0/psoc creator/import/gnu/arm/4.9.3/bin/../lib/gcc/arm-none-eabi/4.9.3/../../../../arm-none-eabi/lib/armv7-m\libg.a(lib_a-stdio.o)
                0x000059f4                __sseek
 .text.__sclose
                0x00005a14        0x8 d:/program files/psoc creator 4/psoc creator/4.0/psoc creator/import/gnu/arm/4.9.3/bin/../lib/gcc/arm-none-eabi/4.9.3/../../../../arm-none-eabi/lib/armv7-m\libg.a(lib_a-stdio.o)
                0x00005a14                __sclose
 .text.__sprint_r.part.0
                0x00005a1c       0x78 d:/program files/psoc creator 4/psoc creator/4.0/psoc creator/import/gnu/arm/4.9.3/bin/../lib/gcc/arm-none-eabi/4.9.3/../../../../arm-none-eabi/lib/armv7-m\libg.a(lib_a-vfiprintf.o)
 .text.__sprint_r
                0x00005a94       0x18 d:/program files/psoc creator 4/psoc creator/4.0/psoc creator/import/gnu/arm/4.9.3/bin/../lib/gcc/arm-none-eabi/4.9.3/../../../../arm-none-eabi/lib/armv7-m\libg.a(lib_a-vfiprintf.o)
                0x00005a94                __sprint_r
 .text._write_r
                0x00005aac       0x28 d:/program files/psoc creator 4/psoc creator/4.0/psoc creator/import/gnu/arm/4.9.3/bin/../lib/gcc/arm-none-eabi/4.9.3/../../../../arm-none-eabi/lib/armv7-m\libg.a(lib_a-writer.o)
                0x00005aac                _write_r
 .text.__register_exitproc
                0x00005ad4       0xa4 d:/program files/psoc creator 4/psoc creator/4.0/psoc creator/import/gnu/arm/4.9.3/bin/../lib/gcc/arm-none-eabi/4.9.3/../../../../arm-none-eabi/lib/armv7-m\libg.a(lib_a-__atexit.o)
                0x00005ad4                __register_exitproc
 .text._calloc_r
                0x00005b78       0x60 d:/program files/psoc creator 4/psoc creator/4.0/psoc creator/import/gnu/arm/4.9.3/bin/../lib/gcc/arm-none-eabi/4.9.3/../../../../arm-none-eabi/lib/armv7-m\libg.a(lib_a-callocr.o)
                0x00005b78                _calloc_r
 .text._close_r
                0x00005bd8       0x24 d:/program files/psoc creator 4/psoc creator/4.0/psoc creator/import/gnu/arm/4.9.3/bin/../lib/gcc/arm-none-eabi/4.9.3/../../../../arm-none-eabi/lib/armv7-m\libg.a(lib_a-closer.o)
                0x00005bd8                _close_r
 .text._fclose_r
                0x00005bfc       0x84 d:/program files/psoc creator 4/psoc creator/4.0/psoc creator/import/gnu/arm/4.9.3/bin/../lib/gcc/arm-none-eabi/4.9.3/../../../../arm-none-eabi/lib/armv7-m\libg.a(lib_a-fclose.o)
                0x00005bfc                _fclose_r
 .text.__fputwc
                0x00005c80       0xb0 d:/program files/psoc creator 4/psoc creator/4.0/psoc creator/import/gnu/arm/4.9.3/bin/../lib/gcc/arm-none-eabi/4.9.3/../../../../arm-none-eabi/lib/armv7-m\libg.a(lib_a-fputwc.o)
                0x00005c80                __fputwc
 .text._fputwc_r
                0x00005d30       0x24 d:/program files/psoc creator 4/psoc creator/4.0/psoc creator/import/gnu/arm/4.9.3/bin/../lib/gcc/arm-none-eabi/4.9.3/../../../../arm-none-eabi/lib/armv7-m\libg.a(lib_a-fputwc.o)
                0x00005d30                _fputwc_r
 .text._fstat_r
                0x00005d54       0x28 d:/program files/psoc creator 4/psoc creator/4.0/psoc creator/import/gnu/arm/4.9.3/bin/../lib/gcc/arm-none-eabi/4.9.3/../../../../arm-none-eabi/lib/armv7-m\libg.a(lib_a-fstatr.o)
                0x00005d54                _fstat_r
 .text._isatty_r
                0x00005d7c       0x24 d:/program files/psoc creator 4/psoc creator/4.0/psoc creator/import/gnu/arm/4.9.3/bin/../lib/gcc/arm-none-eabi/4.9.3/../../../../arm-none-eabi/lib/armv7-m\libg.a(lib_a-isattyr.o)
                0x00005d7c                _isatty_r
 .text._lseek_r
                0x00005da0       0x28 d:/program files/psoc creator 4/psoc creator/4.0/psoc creator/import/gnu/arm/4.9.3/bin/../lib/gcc/arm-none-eabi/4.9.3/../../../../arm-none-eabi/lib/armv7-m\libg.a(lib_a-lseekr.o)
                0x00005da0                _lseek_r
 .text._read_r  0x00005dc8       0x28 d:/program files/psoc creator 4/psoc creator/4.0/psoc creator/import/gnu/arm/4.9.3/bin/../lib/gcc/arm-none-eabi/4.9.3/../../../../arm-none-eabi/lib/armv7-m\libg.a(lib_a-readr.o)
                0x00005dc8                _read_r
 .text.__swbuf_r
                0x00005df0       0xa8 d:/program files/psoc creator 4/psoc creator/4.0/psoc creator/import/gnu/arm/4.9.3/bin/../lib/gcc/arm-none-eabi/4.9.3/../../../../arm-none-eabi/lib/armv7-m\libg.a(lib_a-wbuf.o)
                0x00005df0                __swbuf_r
 .text._wcrtomb_r
                0x00005e98       0x54 d:/program files/psoc creator 4/psoc creator/4.0/psoc creator/import/gnu/arm/4.9.3/bin/../lib/gcc/arm-none-eabi/4.9.3/../../../../arm-none-eabi/lib/armv7-m\libg.a(lib_a-wcrtomb.o)
                0x00005e98                _wcrtomb_r
 .text.__ascii_wctomb
                0x00005eec       0x1c d:/program files/psoc creator 4/psoc creator/4.0/psoc creator/import/gnu/arm/4.9.3/bin/../lib/gcc/arm-none-eabi/4.9.3/../../../../arm-none-eabi/lib/armv7-m\libg.a(lib_a-wctomb_r.o)
                0x00005eec                __ascii_wctomb
 .text          0x00005f08       0x50 d:/program files/psoc creator 4/psoc creator/4.0/psoc creator/import/gnu/arm/4.9.3/bin/../lib/gcc/arm-none-eabi/4.9.3/armv7-m\libgcc.a(_arm_fixdfsi.o)
                0x00005f08                __aeabi_d2iz
                0x00005f08                __fixdfsi
 .text          0x00005f58       0x30 d:/program files/psoc creator 4/psoc creator/4.0/psoc creator/import/gnu/arm/4.9.3/bin/../lib/gcc/arm-none-eabi/4.9.3/armv7-m\libgcc.a(_aeabi_uldivmod.o)
                0x00005f58                __aeabi_uldivmod
 .text._close   0x00005f88       0x10 d:/program files/psoc creator 4/psoc creator/4.0/psoc creator/import/gnu/arm/4.9.3/bin/../lib/gcc/arm-none-eabi/4.9.3/../../../../arm-none-eabi/lib/armv7-m\libnosys.a(close.o)
                0x00005f88                _close
 .text._fstat   0x00005f98       0x10 d:/program files/psoc creator 4/psoc creator/4.0/psoc creator/import/gnu/arm/4.9.3/bin/../lib/gcc/arm-none-eabi/4.9.3/../../../../arm-none-eabi/lib/armv7-m\libnosys.a(fstat.o)
                0x00005f98                _fstat
 .text._isatty  0x00005fa8       0x10 d:/program files/psoc creator 4/psoc creator/4.0/psoc creator/import/gnu/arm/4.9.3/bin/../lib/gcc/arm-none-eabi/4.9.3/../../../../arm-none-eabi/lib/armv7-m\libnosys.a(isatty.o)
                0x00005fa8                _isatty
 .text._lseek   0x00005fb8       0x10 d:/program files/psoc creator 4/psoc creator/4.0/psoc creator/import/gnu/arm/4.9.3/bin/../lib/gcc/arm-none-eabi/4.9.3/../../../../arm-none-eabi/lib/armv7-m\libnosys.a(lseek.o)
                0x00005fb8                _lseek
 *(.plt)
 *(.gnu.warning)
 *(.glue_7t)
 .glue_7t       0x00000000        0x0 linker stubs
 *(.glue_7)
 .glue_7        0x00000000        0x0 linker stubs
 *(.vfp11_veneer)
 .vfp11_veneer  0x00000000        0x0 linker stubs
 *(.bootloader)
 *(.ARM.extab* .gnu.linkonce.armextab.*)
 *(.gcc_except_table)

.v4_bx          0x00005fc8        0x0
 .v4_bx         0x00000000        0x0 linker stubs

.iplt           0x00005fc8        0x0
 .iplt          0x00000000        0x0 d:/program files/psoc creator 4/psoc creator/4.0/psoc creator/import/gnu/arm/4.9.3/bin/../lib/gcc/arm-none-eabi/4.9.3/armv7-m/crtbegin.o

.eh_frame_hdr
 *(.eh_frame_hdr)

.eh_frame       0x00005fc8        0x4
 *(.eh_frame)
 .eh_frame      0x00005fc8        0x0 d:/program files/psoc creator 4/psoc creator/4.0/psoc creator/import/gnu/arm/4.9.3/bin/../lib/gcc/arm-none-eabi/4.9.3/armv7-m/crtbegin.o
 .eh_frame      0x00005fc8        0x0 d:/program files/psoc creator 4/psoc creator/4.0/psoc creator/import/gnu/arm/4.9.3/bin/../lib/gcc/arm-none-eabi/4.9.3/../../../../arm-none-eabi/lib/armv7-m\libg.a(lib_a-strcmp.o)
                                 0x38 (size before relaxing)
 .eh_frame      0x00005fc8        0x4 d:/program files/psoc creator 4/psoc creator/4.0/psoc creator/import/gnu/arm/4.9.3/bin/../lib/gcc/arm-none-eabi/4.9.3/armv7-m/crtend.o
                0x00005fcc                PROVIDE (__exidx_start, .)

.ARM.exidx      0x00005fcc        0x8
 *(.ARM.exidx* .gnu.linkonce.armexidx.*)
 .ARM.exidx     0x00005fcc        0x8 d:/program files/psoc creator 4/psoc creator/4.0/psoc creator/import/gnu/arm/4.9.3/bin/../lib/gcc/arm-none-eabi/4.9.3/armv7-m\libgcc.a(_divdi3.o)
 .ARM.exidx     0x00005fd4        0x0 d:/program files/psoc creator 4/psoc creator/4.0/psoc creator/import/gnu/arm/4.9.3/bin/../lib/gcc/arm-none-eabi/4.9.3/armv7-m\libgcc.a(_udivdi3.o)
                                  0x8 (size before relaxing)
                0x00005fd4                __exidx_end = .

.rodata         0x00005fd8      0x208
 *(.rodata .rodata.* .gnu.linkonce.r.*)
 .rodata.str1.4
                0x00005fd8        0xe .\CortexM3\ARM_GCC_493\Debug\main.o
                                 0x10 (size before relaxing)
 *fill*         0x00005fe6        0x2 
 .rodata        0x00005fe8       0x3c .\CortexM3\ARM_GCC_493\Debug\ZumoBot.a(cyfitter_cfg.o)
 .rodata.str1.4
                0x00006024        0x2 d:/program files/psoc creator 4/psoc creator/4.0/psoc creator/import/gnu/arm/4.9.3/bin/../lib/gcc/arm-none-eabi/4.9.3/../../../../arm-none-eabi/lib/armv7-m\libg.a(lib_a-impure.o)
                                  0x4 (size before relaxing)
 *fill*         0x00006026        0x2 
 .rodata._global_impure_ptr
                0x00006028        0x4 d:/program files/psoc creator 4/psoc creator/4.0/psoc creator/import/gnu/arm/4.9.3/bin/../lib/gcc/arm-none-eabi/4.9.3/../../../../arm-none-eabi/lib/armv7-m\libg.a(lib_a-impure.o)
                0x00006028                _global_impure_ptr
 .rodata.str1.4
                0x00000000        0x2 d:/program files/psoc creator 4/psoc creator/4.0/psoc creator/import/gnu/arm/4.9.3/bin/../lib/gcc/arm-none-eabi/4.9.3/../../../../arm-none-eabi/lib/armv7-m\libg.a(lib_a-puts.o)
                                  0x4 (size before relaxing)
 .rodata.zeroes.6931
                0x0000602c       0x10 d:/program files/psoc creator 4/psoc creator/4.0/psoc creator/import/gnu/arm/4.9.3/bin/../lib/gcc/arm-none-eabi/4.9.3/../../../../arm-none-eabi/lib/armv7-m\libg.a(lib_a-vfprintf.o)
 .rodata.str1.4
                0x0000603c       0x42 d:/program files/psoc creator 4/psoc creator/4.0/psoc creator/import/gnu/arm/4.9.3/bin/../lib/gcc/arm-none-eabi/4.9.3/../../../../arm-none-eabi/lib/armv7-m\libg.a(lib_a-vfprintf.o)
                                 0x44 (size before relaxing)
 *fill*         0x0000607e        0x2 
 .rodata.blanks.6930
                0x00006080       0x10 d:/program files/psoc creator 4/psoc creator/4.0/psoc creator/import/gnu/arm/4.9.3/bin/../lib/gcc/arm-none-eabi/4.9.3/../../../../arm-none-eabi/lib/armv7-m\libg.a(lib_a-vfprintf.o)
 .rodata.str1.4
                0x00006090       0x10 d:/program files/psoc creator 4/psoc creator/4.0/psoc creator/import/gnu/arm/4.9.3/bin/../lib/gcc/arm-none-eabi/4.9.3/../../../../arm-none-eabi/lib/armv7-m\libg.a(lib_a-dtoa.o)
                                 0x14 (size before relaxing)
 .rodata.str1.4
                0x000060a0        0xc d:/program files/psoc creator 4/psoc creator/4.0/psoc creator/import/gnu/arm/4.9.3/bin/../lib/gcc/arm-none-eabi/4.9.3/../../../../arm-none-eabi/lib/armv7-m\libg.a(lib_a-locale.o)
                                 0x14 (size before relaxing)
 .rodata.p05.5296
                0x000060ac        0xc d:/program files/psoc creator 4/psoc creator/4.0/psoc creator/import/gnu/arm/4.9.3/bin/../lib/gcc/arm-none-eabi/4.9.3/../../../../arm-none-eabi/lib/armv7-m\libg.a(lib_a-mprec.o)
 .rodata.__mprec_tens
                0x000060b8       0xc8 d:/program files/psoc creator 4/psoc creator/4.0/psoc creator/import/gnu/arm/4.9.3/bin/../lib/gcc/arm-none-eabi/4.9.3/../../../../arm-none-eabi/lib/armv7-m\libg.a(lib_a-mprec.o)
                0x000060b8                __mprec_tens
 .rodata.__mprec_bigtens
                0x00006180       0x28 d:/program files/psoc creator 4/psoc creator/4.0/psoc creator/import/gnu/arm/4.9.3/bin/../lib/gcc/arm-none-eabi/4.9.3/../../../../arm-none-eabi/lib/armv7-m\libg.a(lib_a-mprec.o)
                0x00006180                __mprec_bigtens
                0x000061a8                . = ALIGN (0x4)
 *(.init)
 .init          0x000061a8        0x4 d:/program files/psoc creator 4/psoc creator/4.0/psoc creator/import/gnu/arm/4.9.3/bin/../lib/gcc/arm-none-eabi/4.9.3/armv7-m/crti.o
                0x000061a8                _init
 .init          0x000061ac        0x8 d:/program files/psoc creator 4/psoc creator/4.0/psoc creator/import/gnu/arm/4.9.3/bin/../lib/gcc/arm-none-eabi/4.9.3/armv7-m/crtn.o
                0x000061b4                . = ALIGN (0x4)
                0x000061b4                __preinit_array_start = .
 *(.preinit_array)
                0x000061b4                __preinit_array_end = .
                0x000061b4                . = ALIGN (0x4)
                0x000061b4                __init_array_start = .
 *(SORT(.init_array.*))
 .init_array.00000
                0x000061b4        0x4 d:/program files/psoc creator 4/psoc creator/4.0/psoc creator/import/gnu/arm/4.9.3/bin/../lib/gcc/arm-none-eabi/4.9.3/../../../../arm-none-eabi/lib/armv7-m\libg.a(lib_a-__call_atexit.o)
 *(.init_array)
 .init_array    0x000061b8        0x4 d:/program files/psoc creator 4/psoc creator/4.0/psoc creator/import/gnu/arm/4.9.3/bin/../lib/gcc/arm-none-eabi/4.9.3/armv7-m/crtbegin.o
 .init_array    0x000061bc        0x4 .\CortexM3\ARM_GCC_493\Debug\Cm3Start.o
                0x000061c0                __init_array_end = .
                0x000061c0                . = ALIGN (0x4)
 *(.fini)
 .fini          0x000061c0        0x4 d:/program files/psoc creator 4/psoc creator/4.0/psoc creator/import/gnu/arm/4.9.3/bin/../lib/gcc/arm-none-eabi/4.9.3/armv7-m/crti.o
                0x000061c0                _fini
 .fini          0x000061c4        0x8 d:/program files/psoc creator 4/psoc creator/4.0/psoc creator/import/gnu/arm/4.9.3/bin/../lib/gcc/arm-none-eabi/4.9.3/armv7-m/crtn.o
                0x000061cc                . = ALIGN (0x4)
                0x000061cc                __fini_array_start = .
 *(.fini_array)
 .fini_array    0x000061cc        0x4 d:/program files/psoc creator 4/psoc creator/4.0/psoc creator/import/gnu/arm/4.9.3/bin/../lib/gcc/arm-none-eabi/4.9.3/armv7-m/crtbegin.o
 *(SORT(.fini_array.*))
                0x000061d0                __fini_array_end = .
                0x000061d0                . = ALIGN (0x4)
 *crtbegin.o(.ctors)
 *(EXCLUDE_FILE(*crtend.o) .ctors)
 *(SORT(.ctors.*))
 *crtend.o(.ctors)
                0x000061d0                . = ALIGN (0x4)
 *crtbegin.o(.dtors)
 *(EXCLUDE_FILE(*crtend.o) .dtors)
 *(SORT(.dtors.*))
 *crtend.o(.dtors)
                0x000061d0                . = ALIGN (0x4)
                0x000061d0                __cy_regions = .
                0x000061d0        0x4 LONG 0x61e0 __cy_region_init_ram
                0x000061d4        0x4 LONG 0x1fff8108 __cy_region_start_data
                0x000061d8        0x4 LONG 0x8b8 __cy_region_init_size_ram
                0x000061dc        0x4 LONG 0x68 __cy_region_zero_size_ram
                0x000061e0                __cy_regions_end = .
                0x000061e0                . = ALIGN (0x8)
                0x000061e0                _etext = .

.cy_checksum_exclude
                0x000061e0        0x0
 *(.cy_checksum_exclude)

.ramvectors     0x1fff8000      0x100
                0x1fff8000                __cy_region_start_ram = .
 *(.ramvectors)
 .ramvectors    0x1fff8000      0x100 .\CortexM3\ARM_GCC_493\Debug\Cm3Start.o
                0x1fff8000                CyRamVectors

.noinit         0x1fff8100        0x5
 *(.noinit)
 .noinit        0x1fff8100        0x4 .\CortexM3\ARM_GCC_493\Debug\Cm3Start.o
 .noinit        0x1fff8104        0x1 .\CortexM3\ARM_GCC_493\Debug\ZumoBot.a(CyLib.o)
                0x1fff8104                CyResetStatus

.data           0x1fff8108      0x8b8 load address 0x000061e0
                0x1fff8108                __cy_region_start_data = .
 *(.jcr)
 .jcr           0x1fff8108        0x0 d:/program files/psoc creator 4/psoc creator/4.0/psoc creator/import/gnu/arm/4.9.3/bin/../lib/gcc/arm-none-eabi/4.9.3/armv7-m/crtbegin.o
 .jcr           0x1fff8108        0x4 d:/program files/psoc creator 4/psoc creator/4.0/psoc creator/import/gnu/arm/4.9.3/bin/../lib/gcc/arm-none-eabi/4.9.3/armv7-m/crtend.o
 *(.got.plt)
 *(.got)
 *(.shdata)
 *(.data .data.* .gnu.linkonce.d.*)
 .data          0x1fff810c        0x4 .\CortexM3\ARM_GCC_493\Debug\Cm3Start.o
 .data          0x1fff8110       0x10 .\CortexM3\ARM_GCC_493\Debug\ZumoBot.a(CyLib.o)
                0x1fff8110                cydelay_32k_ms
                0x1fff8114                cydelay_freq_khz
                0x1fff8118                cydelay_freq_mhz
                0x1fff811c                cydelay_freq_hz
 .data.impure_data
                0x1fff8120      0x428 d:/program files/psoc creator 4/psoc creator/4.0/psoc creator/import/gnu/arm/4.9.3/bin/../lib/gcc/arm-none-eabi/4.9.3/../../../../arm-none-eabi/lib/armv7-m\libg.a(lib_a-impure.o)
 .data._impure_ptr
                0x1fff8548        0x4 d:/program files/psoc creator 4/psoc creator/4.0/psoc creator/import/gnu/arm/4.9.3/bin/../lib/gcc/arm-none-eabi/4.9.3/../../../../arm-none-eabi/lib/armv7-m\libg.a(lib_a-impure.o)
                0x1fff8548                _impure_ptr
 .data.lconv    0x1fff854c       0x38 d:/program files/psoc creator 4/psoc creator/4.0/psoc creator/import/gnu/arm/4.9.3/bin/../lib/gcc/arm-none-eabi/4.9.3/../../../../arm-none-eabi/lib/armv7-m\libg.a(lib_a-locale.o)
 .data.lc_ctype_charset
                0x1fff8584       0x20 d:/program files/psoc creator 4/psoc creator/4.0/psoc creator/import/gnu/arm/4.9.3/bin/../lib/gcc/arm-none-eabi/4.9.3/../../../../arm-none-eabi/lib/armv7-m\libg.a(lib_a-locale.o)
 .data.__mb_cur_max
                0x1fff85a4        0x4 d:/program files/psoc creator 4/psoc creator/4.0/psoc creator/import/gnu/arm/4.9.3/bin/../lib/gcc/arm-none-eabi/4.9.3/../../../../arm-none-eabi/lib/armv7-m\libg.a(lib_a-locale.o)
                0x1fff85a4                __mb_cur_max
 .data.__malloc_av_
                0x1fff85a8      0x408 d:/program files/psoc creator 4/psoc creator/4.0/psoc creator/import/gnu/arm/4.9.3/bin/../lib/gcc/arm-none-eabi/4.9.3/../../../../arm-none-eabi/lib/armv7-m\libg.a(lib_a-mallocr.o)
                0x1fff85a8                __malloc_av_
 .data.__malloc_trim_threshold
                0x1fff89b0        0x4 d:/program files/psoc creator 4/psoc creator/4.0/psoc creator/import/gnu/arm/4.9.3/bin/../lib/gcc/arm-none-eabi/4.9.3/../../../../arm-none-eabi/lib/armv7-m\libg.a(lib_a-mallocr.o)
                0x1fff89b0                __malloc_trim_threshold
 .data.__malloc_sbrk_base
                0x1fff89b4        0x4 d:/program files/psoc creator 4/psoc creator/4.0/psoc creator/import/gnu/arm/4.9.3/bin/../lib/gcc/arm-none-eabi/4.9.3/../../../../arm-none-eabi/lib/armv7-m\libg.a(lib_a-mallocr.o)
                0x1fff89b4                __malloc_sbrk_base
 .data.__wctomb
                0x1fff89b8        0x4 d:/program files/psoc creator 4/psoc creator/4.0/psoc creator/import/gnu/arm/4.9.3/bin/../lib/gcc/arm-none-eabi/4.9.3/../../../../arm-none-eabi/lib/armv7-m\libg.a(lib_a-wctomb_r.o)
                0x1fff89b8                __wctomb
                0x1fff89c0                . = ALIGN (0x8)
 *fill*         0x1fff89bc        0x4 
 *(.ram)
                0x1fff89c0                _edata = .

.igot.plt       0x1fff89c0        0x0 load address 0x00006a98
 .igot.plt      0x00000000        0x0 d:/program files/psoc creator 4/psoc creator/4.0/psoc creator/import/gnu/arm/4.9.3/bin/../lib/gcc/arm-none-eabi/4.9.3/armv7-m/crtbegin.o

.bss            0x1fff89c0       0x68 load address 0x00006a98
                0x1fff89c0                PROVIDE (__bss_start__, .)
 *(.shbss)
 *(.bss .bss.* .gnu.linkonce.b.*)
 .bss           0x1fff89c0       0x1c d:/program files/psoc creator 4/psoc creator/4.0/psoc creator/import/gnu/arm/4.9.3/bin/../lib/gcc/arm-none-eabi/4.9.3/armv7-m/crtbegin.o
 .bss           0x1fff89dc        0x2 .\CortexM3\ARM_GCC_493\Debug\ZumoBot.a(UART_1.o)
                0x1fff89dc                UART_1_initVar
 .bss           0x1fff89de        0x1 .\CortexM3\ARM_GCC_493\Debug\ZumoBot.a(ADC_Battery.o)
                0x1fff89de                ADC_Battery_initVar
 *fill*         0x1fff89df        0x1 
 .bss.__malloc_max_total_mem
                0x1fff89e0        0x4 d:/program files/psoc creator 4/psoc creator/4.0/psoc creator/import/gnu/arm/4.9.3/bin/../lib/gcc/arm-none-eabi/4.9.3/../../../../arm-none-eabi/lib/armv7-m\libg.a(lib_a-mallocr.o)
                0x1fff89e0                __malloc_max_total_mem
 .bss.__malloc_max_sbrked_mem
                0x1fff89e4        0x4 d:/program files/psoc creator 4/psoc creator/4.0/psoc creator/import/gnu/arm/4.9.3/bin/../lib/gcc/arm-none-eabi/4.9.3/../../../../arm-none-eabi/lib/armv7-m\libg.a(lib_a-mallocr.o)
                0x1fff89e4                __malloc_max_sbrked_mem
 .bss.__malloc_top_pad
                0x1fff89e8        0x4 d:/program files/psoc creator 4/psoc creator/4.0/psoc creator/import/gnu/arm/4.9.3/bin/../lib/gcc/arm-none-eabi/4.9.3/../../../../arm-none-eabi/lib/armv7-m\libg.a(lib_a-mallocr.o)
                0x1fff89e8                __malloc_top_pad
 .bss.__malloc_current_mallinfo
                0x1fff89ec       0x28 d:/program files/psoc creator 4/psoc creator/4.0/psoc creator/import/gnu/arm/4.9.3/bin/../lib/gcc/arm-none-eabi/4.9.3/../../../../arm-none-eabi/lib/armv7-m\libg.a(lib_a-mallocr.o)
                0x1fff89ec                __malloc_current_mallinfo
 *(COMMON)
 COMMON         0x1fff8a14        0xc .\CortexM3\ARM_GCC_493\Debug\ZumoBot.a(ADC_Battery.o)
                0x1fff8a14                ADC_Battery_offset
                0x1fff8a16                ADC_Battery_countsPerVolt
                0x1fff8a18                ADC_Battery_shift
                0x1fff8a1c                ADC_Battery_countsPer10Volt
 COMMON         0x1fff8a20        0x4 d:/program files/psoc creator 4/psoc creator/4.0/psoc creator/import/gnu/arm/4.9.3/bin/../lib/gcc/arm-none-eabi/4.9.3/../../../../arm-none-eabi/lib/armv7-m\libg.a(lib_a-reent.o)
                0x1fff8a20                errno
                0x1fff8a28                . = ALIGN (0x8)
 *fill*         0x1fff8a24        0x4 
 *(.ram.b)
                0x1fff8a28                _end = .
                0x1fff8a28                __end = .
                0x1fff8a28                PROVIDE (end, .)
                0x1fff8a28                PROVIDE (__bss_end__, .)
                0x000061e0                __cy_region_init_ram = LOADADDR (.data)
                0x000008b8                __cy_region_init_size_ram = (_edata - ADDR (.data))
                0x00000068                __cy_region_zero_size_ram = (_end - _edata)

.heap           0x1fff8a28      0x800 load address 0x00006a98
                0x1fff8a28                . = _end
                0x1fff9228                . = (. + 0x800)
 *fill*         0x1fff8a28      0x800 
                0x1fff9228                __cy_heap_limit = .

.stack          0x20007800      0x800
                0x20007800                __cy_stack_limit = .
                0x20008000                . = (. + 0x800)
 *fill*         0x20007800      0x800 
                0x00000001                ASSERT ((__cy_stack_limit >= __cy_heap_limit), region RAM overflowed with stack)
                0x00000000                cy_checksum_exclude_size = (CY_APPL_LOADABLE == 0x1)?SIZEOF (.cy_checksum_exclude):0x0
                0x00000001                ASSERT ((cy_checksum_exclude_size <= CY_CHECKSUM_EXCLUDE_SIZE), CY_BOOT: Section .cy_checksum_exclude size exceedes specified limit.)

.cyloadermeta
 *(.cyloadermeta)

.cyloadablemeta
 *(.cyloadablemeta)

.cyconfigecc    0x80000000      0x8b4
 *(.cyconfigecc)
 .cyconfigecc   0x80000000      0x8b4 .\CortexM3\ARM_GCC_493\Debug\cymetadata.o
                0x80000000                cy_meta_configecc

.cycustnvl      0x90000000        0x4
 *(.cycustnvl)
 .cycustnvl     0x90000000        0x4 .\CortexM3\ARM_GCC_493\Debug\cymetadata.o
                0x90000000                cy_meta_custnvl

.cywolatch      0x90100000        0x4
 *(.cywolatch)
 .cywolatch     0x90100000        0x4 .\CortexM3\ARM_GCC_493\Debug\cymetadata.o
                0x90100000                cy_meta_wonvl

.cyeeprom       0x90200000        0x0
 *(.cyeeprom)
                0x00000001                ASSERT ((. <= ((0x90200000 + ee_offset) + ee_size)), .cyeeprom data will not fit in EEPROM)

.cyflashprotect
                0x90400000      0x100
 *(.cyflashprotect)
 .cyflashprotect
                0x90400000      0x100 .\CortexM3\ARM_GCC_493\Debug\cymetadata.o
                0x90400000                cy_meta_flashprotect

.cymeta         0x90500000        0xc
 *(.cymeta)
 .cymeta        0x90500000        0xc .\CortexM3\ARM_GCC_493\Debug\cymetadata.o
                0x90500000                cy_metadata

.rel.dyn        0x00006a98        0x0 load address 0x9050000c
 .rel.iplt      0x00000000        0x0 d:/program files/psoc creator 4/psoc creator/4.0/psoc creator/import/gnu/arm/4.9.3/bin/../lib/gcc/arm-none-eabi/4.9.3/armv7-m/crtbegin.o

.stab           0x00000000       0x6c
 *(.stab)
 .stab          0x00000000       0x24 d:/program files/psoc creator 4/psoc creator/4.0/psoc creator/import/gnu/arm/4.9.3/bin/../lib/gcc/arm-none-eabi/4.9.3/../../../../arm-none-eabi/lib/armv7-m\libnosys.a(close.o)
 .stab          0x00000024       0x18 d:/program files/psoc creator 4/psoc creator/4.0/psoc creator/import/gnu/arm/4.9.3/bin/../lib/gcc/arm-none-eabi/4.9.3/../../../../arm-none-eabi/lib/armv7-m\libnosys.a(fstat.o)
                                 0x24 (size before relaxing)
 .stab          0x0000003c       0x18 d:/program files/psoc creator 4/psoc creator/4.0/psoc creator/import/gnu/arm/4.9.3/bin/../lib/gcc/arm-none-eabi/4.9.3/../../../../arm-none-eabi/lib/armv7-m\libnosys.a(isatty.o)
                                 0x24 (size before relaxing)
 .stab          0x00000054       0x18 d:/program files/psoc creator 4/psoc creator/4.0/psoc creator/import/gnu/arm/4.9.3/bin/../lib/gcc/arm-none-eabi/4.9.3/../../../../arm-none-eabi/lib/armv7-m\libnosys.a(lseek.o)
                                 0x24 (size before relaxing)

.stabstr        0x00000000       0xe3
 *(.stabstr)
 .stabstr       0x00000000       0xe3 d:/program files/psoc creator 4/psoc creator/4.0/psoc creator/import/gnu/arm/4.9.3/bin/../lib/gcc/arm-none-eabi/4.9.3/../../../../arm-none-eabi/lib/armv7-m\libnosys.a(close.o)

.debug
 *(.debug)

.line
 *(.line)

.debug_srcinfo
 *(.debug_srcinfo)

.debug_sfnames
 *(.debug_sfnames)

.debug_aranges  0x00000000     0x11d8
 *(.debug_aranges)
 .debug_aranges
                0x00000000       0x30 .\CortexM3\ARM_GCC_493\Debug\main.o
 .debug_aranges
                0x00000030       0x20 .\CortexM3\ARM_GCC_493\Debug\Accel.o
 .debug_aranges
                0x00000050       0x20 .\CortexM3\ARM_GCC_493\Debug\Ambient.o
 .debug_aranges
                0x00000070       0x20 .\CortexM3\ARM_GCC_493\Debug\Gyro.o
 .debug_aranges
                0x00000090       0x30 .\CortexM3\ARM_GCC_493\Debug\I2C_made.o
 .debug_aranges
                0x000000c0       0x40 .\CortexM3\ARM_GCC_493\Debug\IR.o
 .debug_aranges
                0x00000100       0x20 .\CortexM3\ARM_GCC_493\Debug\Magnet.o
 .debug_aranges
                0x00000120       0x40 .\CortexM3\ARM_GCC_493\Debug\Motor.o
 .debug_aranges
                0x00000160       0x30 .\CortexM3\ARM_GCC_493\Debug\Nunchuk.o
 .debug_aranges
                0x00000190       0x40 .\CortexM3\ARM_GCC_493\Debug\Reflectance.o
 .debug_aranges
                0x000001d0       0x38 .\CortexM3\ARM_GCC_493\Debug\Ultra.o
 .debug_aranges
                0x00000208       0x20 .\CortexM3\ARM_GCC_493\Debug\Beep.o
 .debug_aranges
                0x00000228       0x18 .\CortexM3\ARM_GCC_493\Debug\cymetadata.o
 .debug_aranges
                0x00000240       0x48 .\CortexM3\ARM_GCC_493\Debug\Cm3Start.o
 .debug_aranges
                0x00000288       0x58 .\CortexM3\ARM_GCC_493\Debug\ZumoBot.a(cyfitter_cfg.o)
 .debug_aranges
                0x000002e0       0xa8 .\CortexM3\ARM_GCC_493\Debug\ZumoBot.a(PWM.o)
 .debug_aranges
                0x00000388       0x38 .\CortexM3\ARM_GCC_493\Debug\ZumoBot.a(I2C.o)
 .debug_aranges
                0x000003c0       0x20 .\CortexM3\ARM_GCC_493\Debug\ZumoBot.a(I2C_INT.o)
 .debug_aranges
                0x000003e0       0x38 .\CortexM3\ARM_GCC_493\Debug\ZumoBot.a(I2C_PM.o)
 .debug_aranges
                0x00000418       0x80 .\CortexM3\ARM_GCC_493\Debug\ZumoBot.a(I2C_MASTER.o)
 .debug_aranges
                0x00000498      0x2a0 .\CortexM3\ARM_GCC_493\Debug\ZumoBot.a(CyLib.o)
 .debug_aranges
                0x00000738       0x98 .\CortexM3\ARM_GCC_493\Debug\ZumoBot.a(cyPm.o)
 .debug_aranges
                0x000007d0       0x38 .\CortexM3\ARM_GCC_493\Debug\ZumoBot.a(MotorDirLeft.o)
 .debug_aranges
                0x00000808       0x38 .\CortexM3\ARM_GCC_493\Debug\ZumoBot.a(MotorDirRight.o)
 .debug_aranges
                0x00000840       0x80 .\CortexM3\ARM_GCC_493\Debug\ZumoBot.a(sensor_isr.o)
 .debug_aranges
                0x000008c0       0xf0 .\CortexM3\ARM_GCC_493\Debug\ZumoBot.a(UART_1.o)
 .debug_aranges
                0x000009b0       0xa8 .\CortexM3\ARM_GCC_493\Debug\ZumoBot.a(ADC_Battery.o)
 .debug_aranges
                0x00000a58       0x20 .\CortexM3\ARM_GCC_493\Debug\ZumoBot.a(ADC_Battery_INT.o)
 .debug_aranges
                0x00000a78       0x38 .\CortexM3\ARM_GCC_493\Debug\ZumoBot.a(BatteryLed.o)
 .debug_aranges
                0x00000ab0       0x38 .\CortexM3\ARM_GCC_493\Debug\ZumoBot.a(IR_receiver.o)
 .debug_aranges
                0x00000ae8       0x38 .\CortexM3\ARM_GCC_493\Debug\ZumoBot.a(Trig.o)
 .debug_aranges
                0x00000b20       0x88 .\CortexM3\ARM_GCC_493\Debug\ZumoBot.a(Timer.o)
 .debug_aranges
                0x00000ba8       0x38 .\CortexM3\ARM_GCC_493\Debug\ZumoBot.a(Echo.o)
 .debug_aranges
                0x00000be0       0x80 .\CortexM3\ARM_GCC_493\Debug\ZumoBot.a(ultra_isr.o)
 .debug_aranges
                0x00000c60       0x70 .\CortexM3\ARM_GCC_493\Debug\ZumoBot.a(UART_1_IntClock.o)
 .debug_aranges
                0x00000cd0       0x70 .\CortexM3\ARM_GCC_493\Debug\ZumoBot.a(ADC_Battery_theACLK.o)
 .debug_aranges
                0x00000d40       0x80 .\CortexM3\ARM_GCC_493\Debug\ZumoBot.a(Buzzer_PWM.o)
 .debug_aranges
                0x00000dc0       0x38 .\CortexM3\ARM_GCC_493\Debug\ZumoBot.a(L3.o)
 .debug_aranges
                0x00000df8       0x88 .\CortexM3\ARM_GCC_493\Debug\ZumoBot.a(Timer_L3.o)
 .debug_aranges
                0x00000e80       0x88 .\CortexM3\ARM_GCC_493\Debug\ZumoBot.a(Timer_R3.o)
 .debug_aranges
                0x00000f08       0x88 .\CortexM3\ARM_GCC_493\Debug\ZumoBot.a(Timer_R1.o)
 .debug_aranges
                0x00000f90       0x38 .\CortexM3\ARM_GCC_493\Debug\ZumoBot.a(R1.o)
 .debug_aranges
                0x00000fc8       0x38 .\CortexM3\ARM_GCC_493\Debug\ZumoBot.a(R3.o)
 .debug_aranges
                0x00001000       0x88 .\CortexM3\ARM_GCC_493\Debug\ZumoBot.a(Timer_L1.o)
 .debug_aranges
                0x00001088       0x38 .\CortexM3\ARM_GCC_493\Debug\ZumoBot.a(L1.o)
 .debug_aranges
                0x000010c0       0x20 .\CortexM3\ARM_GCC_493\Debug\ZumoBot.a(CyBootAsmGnu.o)
 .debug_aranges
                0x000010e0       0x80 .\CortexM3\ARM_GCC_493\Debug\ZumoBot.a(CyFlash.o)
 .debug_aranges
                0x00001160       0x78 .\CortexM3\ARM_GCC_493\Debug\ZumoBot.a(CySpc.o)

.debug_pubnames
 *(.debug_pubnames)

.debug_info     0x00000000     0x956e
 *(.debug_info .gnu.linkonce.wi.*)
 .debug_info    0x00000000      0x326 .\CortexM3\ARM_GCC_493\Debug\main.o
 .debug_info    0x00000326      0x143 .\CortexM3\ARM_GCC_493\Debug\Accel.o
 .debug_info    0x00000469      0x119 .\CortexM3\ARM_GCC_493\Debug\Ambient.o
 .debug_info    0x00000582      0x103 .\CortexM3\ARM_GCC_493\Debug\Gyro.o
 .debug_info    0x00000685      0x322 .\CortexM3\ARM_GCC_493\Debug\I2C_made.o
 .debug_info    0x000009a7      0x205 .\CortexM3\ARM_GCC_493\Debug\IR.o
 .debug_info    0x00000bac      0x162 .\CortexM3\ARM_GCC_493\Debug\Magnet.o
 .debug_info    0x00000d0e      0x2f8 .\CortexM3\ARM_GCC_493\Debug\Motor.o
 .debug_info    0x00001006      0x311 .\CortexM3\ARM_GCC_493\Debug\Nunchuk.o
 .debug_info    0x00001317      0x5a3 .\CortexM3\ARM_GCC_493\Debug\Reflectance.o
 .debug_info    0x000018ba      0x6c4 .\CortexM3\ARM_GCC_493\Debug\Ultra.o
 .debug_info    0x00001f7e      0x197 .\CortexM3\ARM_GCC_493\Debug\Beep.o
 .debug_info    0x00002115      0x13f .\CortexM3\ARM_GCC_493\Debug\cymetadata.o
 .debug_info    0x00002254      0x3b3 .\CortexM3\ARM_GCC_493\Debug\Cm3Start.o
 .debug_info    0x00002607      0x64d .\CortexM3\ARM_GCC_493\Debug\ZumoBot.a(cyfitter_cfg.o)
 .debug_info    0x00002c54      0x37e .\CortexM3\ARM_GCC_493\Debug\ZumoBot.a(PWM.o)
 .debug_info    0x00002fd2      0x2db .\CortexM3\ARM_GCC_493\Debug\ZumoBot.a(I2C.o)
 .debug_info    0x000032ad      0x17f .\CortexM3\ARM_GCC_493\Debug\ZumoBot.a(I2C_INT.o)
 .debug_info    0x0000342c      0x1fe .\CortexM3\ARM_GCC_493\Debug\ZumoBot.a(I2C_PM.o)
 .debug_info    0x0000362a      0x400 .\CortexM3\ARM_GCC_493\Debug\ZumoBot.a(I2C_MASTER.o)
 .debug_info    0x00003a2a     0x1385 .\CortexM3\ARM_GCC_493\Debug\ZumoBot.a(CyLib.o)
 .debug_info    0x00004daf      0xa57 .\CortexM3\ARM_GCC_493\Debug\ZumoBot.a(cyPm.o)
 .debug_info    0x00005806      0x121 .\CortexM3\ARM_GCC_493\Debug\ZumoBot.a(MotorDirLeft.o)
 .debug_info    0x00005927      0x11f .\CortexM3\ARM_GCC_493\Debug\ZumoBot.a(MotorDirRight.o)
 .debug_info    0x00005a46      0x2cb .\CortexM3\ARM_GCC_493\Debug\ZumoBot.a(sensor_isr.o)
 .debug_info    0x00005d11      0x603 .\CortexM3\ARM_GCC_493\Debug\ZumoBot.a(UART_1.o)
 .debug_info    0x00006314      0x5f8 .\CortexM3\ARM_GCC_493\Debug\ZumoBot.a(ADC_Battery.o)
 .debug_info    0x0000690c       0x92 .\CortexM3\ARM_GCC_493\Debug\ZumoBot.a(ADC_Battery_INT.o)
 .debug_info    0x0000699e      0x11f .\CortexM3\ARM_GCC_493\Debug\ZumoBot.a(BatteryLed.o)
 .debug_info    0x00006abd      0x121 .\CortexM3\ARM_GCC_493\Debug\ZumoBot.a(IR_receiver.o)
 .debug_info    0x00006bde      0x121 .\CortexM3\ARM_GCC_493\Debug\ZumoBot.a(Trig.o)
 .debug_info    0x00006cff      0x2ce .\CortexM3\ARM_GCC_493\Debug\ZumoBot.a(Timer.o)
 .debug_info    0x00006fcd      0x11f .\CortexM3\ARM_GCC_493\Debug\ZumoBot.a(Echo.o)
 .debug_info    0x000070ec      0x2cb .\CortexM3\ARM_GCC_493\Debug\ZumoBot.a(ultra_isr.o)
 .debug_info    0x000073b7      0x283 .\CortexM3\ARM_GCC_493\Debug\ZumoBot.a(UART_1_IntClock.o)
 .debug_info    0x0000763a      0x283 .\CortexM3\ARM_GCC_493\Debug\ZumoBot.a(ADC_Battery_theACLK.o)
 .debug_info    0x000078bd      0x272 .\CortexM3\ARM_GCC_493\Debug\ZumoBot.a(Buzzer_PWM.o)
 .debug_info    0x00007b2f      0x11f .\CortexM3\ARM_GCC_493\Debug\ZumoBot.a(L3.o)
 .debug_info    0x00007c4e      0x28e .\CortexM3\ARM_GCC_493\Debug\ZumoBot.a(Timer_L3.o)
 .debug_info    0x00007edc      0x28e .\CortexM3\ARM_GCC_493\Debug\ZumoBot.a(Timer_R3.o)
 .debug_info    0x0000816a      0x28e .\CortexM3\ARM_GCC_493\Debug\ZumoBot.a(Timer_R1.o)
 .debug_info    0x000083f8      0x11f .\CortexM3\ARM_GCC_493\Debug\ZumoBot.a(R1.o)
 .debug_info    0x00008517      0x11f .\CortexM3\ARM_GCC_493\Debug\ZumoBot.a(R3.o)
 .debug_info    0x00008636      0x28e .\CortexM3\ARM_GCC_493\Debug\ZumoBot.a(Timer_L1.o)
 .debug_info    0x000088c4      0x11f .\CortexM3\ARM_GCC_493\Debug\ZumoBot.a(L1.o)
 .debug_info    0x000089e3       0x99 .\CortexM3\ARM_GCC_493\Debug\ZumoBot.a(CyBootAsmGnu.o)
 .debug_info    0x00008a7c      0x608 .\CortexM3\ARM_GCC_493\Debug\ZumoBot.a(CyFlash.o)
 .debug_info    0x00009084      0x4ea .\CortexM3\ARM_GCC_493\Debug\ZumoBot.a(CySpc.o)

.debug_abbrev   0x00000000     0x3645
 *(.debug_abbrev)
 .debug_abbrev  0x00000000      0x1c7 .\CortexM3\ARM_GCC_493\Debug\main.o
 .debug_abbrev  0x000001c7       0xb7 .\CortexM3\ARM_GCC_493\Debug\Accel.o
 .debug_abbrev  0x0000027e       0x95 .\CortexM3\ARM_GCC_493\Debug\Ambient.o
 .debug_abbrev  0x00000313       0xa5 .\CortexM3\ARM_GCC_493\Debug\Gyro.o
 .debug_abbrev  0x000003b8      0x171 .\CortexM3\ARM_GCC_493\Debug\I2C_made.o
 .debug_abbrev  0x00000529       0xdc .\CortexM3\ARM_GCC_493\Debug\IR.o
 .debug_abbrev  0x00000605       0xe3 .\CortexM3\ARM_GCC_493\Debug\Magnet.o
 .debug_abbrev  0x000006e8      0x108 .\CortexM3\ARM_GCC_493\Debug\Motor.o
 .debug_abbrev  0x000007f0      0x151 .\CortexM3\ARM_GCC_493\Debug\Nunchuk.o
 .debug_abbrev  0x00000941      0x151 .\CortexM3\ARM_GCC_493\Debug\Reflectance.o
 .debug_abbrev  0x00000a92      0x28e .\CortexM3\ARM_GCC_493\Debug\Ultra.o
 .debug_abbrev  0x00000d20       0xe3 .\CortexM3\ARM_GCC_493\Debug\Beep.o
 .debug_abbrev  0x00000e03       0x77 .\CortexM3\ARM_GCC_493\Debug\cymetadata.o
 .debug_abbrev  0x00000e7a      0x1f7 .\CortexM3\ARM_GCC_493\Debug\Cm3Start.o
 .debug_abbrev  0x00001071      0x212 .\CortexM3\ARM_GCC_493\Debug\ZumoBot.a(cyfitter_cfg.o)
 .debug_abbrev  0x00001283      0x14d .\CortexM3\ARM_GCC_493\Debug\ZumoBot.a(PWM.o)
 .debug_abbrev  0x000013d0      0x15c .\CortexM3\ARM_GCC_493\Debug\ZumoBot.a(I2C.o)
 .debug_abbrev  0x0000152c       0xbd .\CortexM3\ARM_GCC_493\Debug\ZumoBot.a(I2C_INT.o)
 .debug_abbrev  0x000015e9      0x12b .\CortexM3\ARM_GCC_493\Debug\ZumoBot.a(I2C_PM.o)
 .debug_abbrev  0x00001714      0x13c .\CortexM3\ARM_GCC_493\Debug\ZumoBot.a(I2C_MASTER.o)
 .debug_abbrev  0x00001850      0x296 .\CortexM3\ARM_GCC_493\Debug\ZumoBot.a(CyLib.o)
 .debug_abbrev  0x00001ae6      0x1ed .\CortexM3\ARM_GCC_493\Debug\ZumoBot.a(cyPm.o)
 .debug_abbrev  0x00001cd3       0x90 .\CortexM3\ARM_GCC_493\Debug\ZumoBot.a(MotorDirLeft.o)
 .debug_abbrev  0x00001d63       0x90 .\CortexM3\ARM_GCC_493\Debug\ZumoBot.a(MotorDirRight.o)
 .debug_abbrev  0x00001df3      0x173 .\CortexM3\ARM_GCC_493\Debug\ZumoBot.a(sensor_isr.o)
 .debug_abbrev  0x00001f66      0x1a2 .\CortexM3\ARM_GCC_493\Debug\ZumoBot.a(UART_1.o)
 .debug_abbrev  0x00002108      0x1eb .\CortexM3\ARM_GCC_493\Debug\ZumoBot.a(ADC_Battery.o)
 .debug_abbrev  0x000022f3       0x42 .\CortexM3\ARM_GCC_493\Debug\ZumoBot.a(ADC_Battery_INT.o)
 .debug_abbrev  0x00002335       0x90 .\CortexM3\ARM_GCC_493\Debug\ZumoBot.a(BatteryLed.o)
 .debug_abbrev  0x000023c5       0x90 .\CortexM3\ARM_GCC_493\Debug\ZumoBot.a(IR_receiver.o)
 .debug_abbrev  0x00002455       0x90 .\CortexM3\ARM_GCC_493\Debug\ZumoBot.a(Trig.o)
 .debug_abbrev  0x000024e5      0x154 .\CortexM3\ARM_GCC_493\Debug\ZumoBot.a(Timer.o)
 .debug_abbrev  0x00002639       0x90 .\CortexM3\ARM_GCC_493\Debug\ZumoBot.a(Echo.o)
 .debug_abbrev  0x000026c9      0x173 .\CortexM3\ARM_GCC_493\Debug\ZumoBot.a(ultra_isr.o)
 .debug_abbrev  0x0000283c      0x139 .\CortexM3\ARM_GCC_493\Debug\ZumoBot.a(UART_1_IntClock.o)
 .debug_abbrev  0x00002975      0x139 .\CortexM3\ARM_GCC_493\Debug\ZumoBot.a(ADC_Battery_theACLK.o)
 .debug_abbrev  0x00002aae      0x12d .\CortexM3\ARM_GCC_493\Debug\ZumoBot.a(Buzzer_PWM.o)
 .debug_abbrev  0x00002bdb       0x90 .\CortexM3\ARM_GCC_493\Debug\ZumoBot.a(L3.o)
 .debug_abbrev  0x00002c6b      0x11a .\CortexM3\ARM_GCC_493\Debug\ZumoBot.a(Timer_L3.o)
 .debug_abbrev  0x00002d85      0x11a .\CortexM3\ARM_GCC_493\Debug\ZumoBot.a(Timer_R3.o)
 .debug_abbrev  0x00002e9f      0x11a .\CortexM3\ARM_GCC_493\Debug\ZumoBot.a(Timer_R1.o)
 .debug_abbrev  0x00002fb9       0x90 .\CortexM3\ARM_GCC_493\Debug\ZumoBot.a(R1.o)
 .debug_abbrev  0x00003049       0x90 .\CortexM3\ARM_GCC_493\Debug\ZumoBot.a(R3.o)
 .debug_abbrev  0x000030d9      0x11a .\CortexM3\ARM_GCC_493\Debug\ZumoBot.a(Timer_L1.o)
 .debug_abbrev  0x000031f3       0x90 .\CortexM3\ARM_GCC_493\Debug\ZumoBot.a(L1.o)
 .debug_abbrev  0x00003283       0x14 .\CortexM3\ARM_GCC_493\Debug\ZumoBot.a(CyBootAsmGnu.o)
 .debug_abbrev  0x00003297      0x1ed .\CortexM3\ARM_GCC_493\Debug\ZumoBot.a(CyFlash.o)
 .debug_abbrev  0x00003484      0x1c1 .\CortexM3\ARM_GCC_493\Debug\ZumoBot.a(CySpc.o)

.debug_line     0x00000000     0x48ea
 *(.debug_line)
 .debug_line    0x00000000      0x227 .\CortexM3\ARM_GCC_493\Debug\main.o
 .debug_line    0x00000227      0x17b .\CortexM3\ARM_GCC_493\Debug\Accel.o
 .debug_line    0x000003a2       0xe4 .\CortexM3\ARM_GCC_493\Debug\Ambient.o
 .debug_line    0x00000486      0x171 .\CortexM3\ARM_GCC_493\Debug\Gyro.o
 .debug_line    0x000005f7      0x1c3 .\CortexM3\ARM_GCC_493\Debug\I2C_made.o
 .debug_line    0x000007ba      0x272 .\CortexM3\ARM_GCC_493\Debug\IR.o
 .debug_line    0x00000a2c      0x187 .\CortexM3\ARM_GCC_493\Debug\Magnet.o
 .debug_line    0x00000bb3      0x1f4 .\CortexM3\ARM_GCC_493\Debug\Motor.o
 .debug_line    0x00000da7      0x1cf .\CortexM3\ARM_GCC_493\Debug\Nunchuk.o
 .debug_line    0x00000f76      0x271 .\CortexM3\ARM_GCC_493\Debug\Reflectance.o
 .debug_line    0x000011e7      0x214 .\CortexM3\ARM_GCC_493\Debug\Ultra.o
 .debug_line    0x000013fb      0x18f .\CortexM3\ARM_GCC_493\Debug\Beep.o
 .debug_line    0x0000158a       0x51 .\CortexM3\ARM_GCC_493\Debug\cymetadata.o
 .debug_line    0x000015db      0x251 .\CortexM3\ARM_GCC_493\Debug\Cm3Start.o
 .debug_line    0x0000182c      0x214 .\CortexM3\ARM_GCC_493\Debug\ZumoBot.a(cyfitter_cfg.o)
 .debug_line    0x00001a40      0x1a7 .\CortexM3\ARM_GCC_493\Debug\ZumoBot.a(PWM.o)
 .debug_line    0x00001be7       0xd9 .\CortexM3\ARM_GCC_493\Debug\ZumoBot.a(I2C.o)
 .debug_line    0x00001cc0      0x114 .\CortexM3\ARM_GCC_493\Debug\ZumoBot.a(I2C_INT.o)
 .debug_line    0x00001dd4       0xbb .\CortexM3\ARM_GCC_493\Debug\ZumoBot.a(I2C_PM.o)
 .debug_line    0x00001e8f      0x1fd .\CortexM3\ARM_GCC_493\Debug\ZumoBot.a(I2C_MASTER.o)
 .debug_line    0x0000208c      0x816 .\CortexM3\ARM_GCC_493\Debug\ZumoBot.a(CyLib.o)
 .debug_line    0x000028a2      0x364 .\CortexM3\ARM_GCC_493\Debug\ZumoBot.a(cyPm.o)
 .debug_line    0x00002c06       0x99 .\CortexM3\ARM_GCC_493\Debug\ZumoBot.a(MotorDirLeft.o)
 .debug_line    0x00002c9f       0x9a .\CortexM3\ARM_GCC_493\Debug\ZumoBot.a(MotorDirRight.o)
 .debug_line    0x00002d39      0x137 .\CortexM3\ARM_GCC_493\Debug\ZumoBot.a(sensor_isr.o)
 .debug_line    0x00002e70      0x2c0 .\CortexM3\ARM_GCC_493\Debug\ZumoBot.a(UART_1.o)
 .debug_line    0x00003130      0x223 .\CortexM3\ARM_GCC_493\Debug\ZumoBot.a(ADC_Battery.o)
 .debug_line    0x00003353       0x58 .\CortexM3\ARM_GCC_493\Debug\ZumoBot.a(ADC_Battery_INT.o)
 .debug_line    0x000033ab       0x97 .\CortexM3\ARM_GCC_493\Debug\ZumoBot.a(BatteryLed.o)
 .debug_line    0x00003442       0x98 .\CortexM3\ARM_GCC_493\Debug\ZumoBot.a(IR_receiver.o)
 .debug_line    0x000034da       0x91 .\CortexM3\ARM_GCC_493\Debug\ZumoBot.a(Trig.o)
 .debug_line    0x0000356b      0x159 .\CortexM3\ARM_GCC_493\Debug\ZumoBot.a(Timer.o)
 .debug_line    0x000036c4       0x91 .\CortexM3\ARM_GCC_493\Debug\ZumoBot.a(Echo.o)
 .debug_line    0x00003755      0x136 .\CortexM3\ARM_GCC_493\Debug\ZumoBot.a(ultra_isr.o)
 .debug_line    0x0000388b      0x17e .\CortexM3\ARM_GCC_493\Debug\ZumoBot.a(UART_1_IntClock.o)
 .debug_line    0x00003a09      0x182 .\CortexM3\ARM_GCC_493\Debug\ZumoBot.a(ADC_Battery_theACLK.o)
 .debug_line    0x00003b8b      0x13f .\CortexM3\ARM_GCC_493\Debug\ZumoBot.a(Buzzer_PWM.o)
 .debug_line    0x00003cca       0x8f .\CortexM3\ARM_GCC_493\Debug\ZumoBot.a(L3.o)
 .debug_line    0x00003d59      0x156 .\CortexM3\ARM_GCC_493\Debug\ZumoBot.a(Timer_L3.o)
 .debug_line    0x00003eaf      0x156 .\CortexM3\ARM_GCC_493\Debug\ZumoBot.a(Timer_R3.o)
 .debug_line    0x00004005      0x156 .\CortexM3\ARM_GCC_493\Debug\ZumoBot.a(Timer_R1.o)
 .debug_line    0x0000415b       0x8f .\CortexM3\ARM_GCC_493\Debug\ZumoBot.a(R1.o)
 .debug_line    0x000041ea       0x8f .\CortexM3\ARM_GCC_493\Debug\ZumoBot.a(R3.o)
 .debug_line    0x00004279      0x156 .\CortexM3\ARM_GCC_493\Debug\ZumoBot.a(Timer_L1.o)
 .debug_line    0x000043cf       0x8f .\CortexM3\ARM_GCC_493\Debug\ZumoBot.a(L1.o)
 .debug_line    0x0000445e       0x66 .\CortexM3\ARM_GCC_493\Debug\ZumoBot.a(CyBootAsmGnu.o)
 .debug_line    0x000044c4      0x1ea .\CortexM3\ARM_GCC_493\Debug\ZumoBot.a(CyFlash.o)
 .debug_line    0x000046ae      0x23c .\CortexM3\ARM_GCC_493\Debug\ZumoBot.a(CySpc.o)

.debug_frame    0x00000000     0x3b34
 *(.debug_frame)
 .debug_frame   0x00000000       0x7c .\CortexM3\ARM_GCC_493\Debug\main.o
 .debug_frame   0x0000007c       0x38 .\CortexM3\ARM_GCC_493\Debug\Accel.o
 .debug_frame   0x000000b4       0x3c .\CortexM3\ARM_GCC_493\Debug\Ambient.o
 .debug_frame   0x000000f0       0x2c .\CortexM3\ARM_GCC_493\Debug\Gyro.o
 .debug_frame   0x0000011c       0x64 .\CortexM3\ARM_GCC_493\Debug\I2C_made.o
 .debug_frame   0x00000180       0xa4 .\CortexM3\ARM_GCC_493\Debug\IR.o
 .debug_frame   0x00000224       0x2c .\CortexM3\ARM_GCC_493\Debug\Magnet.o
 .debug_frame   0x00000250       0xa8 .\CortexM3\ARM_GCC_493\Debug\Motor.o
 .debug_frame   0x000002f8       0x70 .\CortexM3\ARM_GCC_493\Debug\Nunchuk.o
 .debug_frame   0x00000368       0x90 .\CortexM3\ARM_GCC_493\Debug\Reflectance.o
 .debug_frame   0x000003f8       0x74 .\CortexM3\ARM_GCC_493\Debug\Ultra.o
 .debug_frame   0x0000046c       0x30 .\CortexM3\ARM_GCC_493\Debug\Beep.o
 .debug_frame   0x0000049c       0xb8 .\CortexM3\ARM_GCC_493\Debug\Cm3Start.o
 .debug_frame   0x00000554       0xfc .\CortexM3\ARM_GCC_493\Debug\ZumoBot.a(cyfitter_cfg.o)
 .debug_frame   0x00000650      0x154 .\CortexM3\ARM_GCC_493\Debug\ZumoBot.a(PWM.o)
 .debug_frame   0x000007a4       0x94 .\CortexM3\ARM_GCC_493\Debug\ZumoBot.a(I2C.o)
 .debug_frame   0x00000838       0x30 .\CortexM3\ARM_GCC_493\Debug\ZumoBot.a(I2C_INT.o)
 .debug_frame   0x00000868       0x74 .\CortexM3\ARM_GCC_493\Debug\ZumoBot.a(I2C_PM.o)
 .debug_frame   0x000008dc      0x138 .\CortexM3\ARM_GCC_493\Debug\ZumoBot.a(I2C_MASTER.o)
 .debug_frame   0x00000a14      0x738 .\CortexM3\ARM_GCC_493\Debug\ZumoBot.a(CyLib.o)
 .debug_frame   0x0000114c      0x1f8 .\CortexM3\ARM_GCC_493\Debug\ZumoBot.a(cyPm.o)
 .debug_frame   0x00001344       0x50 .\CortexM3\ARM_GCC_493\Debug\ZumoBot.a(MotorDirLeft.o)
 .debug_frame   0x00001394       0x50 .\CortexM3\ARM_GCC_493\Debug\ZumoBot.a(MotorDirRight.o)
 .debug_frame   0x000013e4      0x104 .\CortexM3\ARM_GCC_493\Debug\ZumoBot.a(sensor_isr.o)
 .debug_frame   0x000014e8      0x250 .\CortexM3\ARM_GCC_493\Debug\ZumoBot.a(UART_1.o)
 .debug_frame   0x00001738      0x1a4 .\CortexM3\ARM_GCC_493\Debug\ZumoBot.a(ADC_Battery.o)
 .debug_frame   0x000018dc       0x20 .\CortexM3\ARM_GCC_493\Debug\ZumoBot.a(ADC_Battery_INT.o)
 .debug_frame   0x000018fc       0x50 .\CortexM3\ARM_GCC_493\Debug\ZumoBot.a(BatteryLed.o)
 .debug_frame   0x0000194c       0x50 .\CortexM3\ARM_GCC_493\Debug\ZumoBot.a(IR_receiver.o)
 .debug_frame   0x0000199c       0x50 .\CortexM3\ARM_GCC_493\Debug\ZumoBot.a(Trig.o)
 .debug_frame   0x000019ec      0x114 .\CortexM3\ARM_GCC_493\Debug\ZumoBot.a(Timer.o)
 .debug_frame   0x00001b00       0x50 .\CortexM3\ARM_GCC_493\Debug\ZumoBot.a(Echo.o)
 .debug_frame   0x00001b50      0x104 .\CortexM3\ARM_GCC_493\Debug\ZumoBot.a(ultra_isr.o)
 .debug_frame   0x00001c54       0xe0 .\CortexM3\ARM_GCC_493\Debug\ZumoBot.a(UART_1_IntClock.o)
 .debug_frame   0x00001d34       0xe0 .\CortexM3\ARM_GCC_493\Debug\ZumoBot.a(ADC_Battery_theACLK.o)
 .debug_frame   0x00001e14       0xf8 .\CortexM3\ARM_GCC_493\Debug\ZumoBot.a(Buzzer_PWM.o)
 .debug_frame   0x00001f0c       0x50 .\CortexM3\ARM_GCC_493\Debug\ZumoBot.a(L3.o)
 .debug_frame   0x00001f5c      0x108 .\CortexM3\ARM_GCC_493\Debug\ZumoBot.a(Timer_L3.o)
 .debug_frame   0x00002064      0x108 .\CortexM3\ARM_GCC_493\Debug\ZumoBot.a(Timer_R3.o)
 .debug_frame   0x0000216c      0x108 .\CortexM3\ARM_GCC_493\Debug\ZumoBot.a(Timer_R1.o)
 .debug_frame   0x00002274       0x50 .\CortexM3\ARM_GCC_493\Debug\ZumoBot.a(R1.o)
 .debug_frame   0x000022c4       0x50 .\CortexM3\ARM_GCC_493\Debug\ZumoBot.a(R3.o)
 .debug_frame   0x00002314      0x108 .\CortexM3\ARM_GCC_493\Debug\ZumoBot.a(Timer_L1.o)
 .debug_frame   0x0000241c       0x50 .\CortexM3\ARM_GCC_493\Debug\ZumoBot.a(L1.o)
 .debug_frame   0x0000246c      0x174 .\CortexM3\ARM_GCC_493\Debug\ZumoBot.a(CyFlash.o)
 .debug_frame   0x000025e0      0x160 .\CortexM3\ARM_GCC_493\Debug\ZumoBot.a(CySpc.o)
 .debug_frame   0x00002740       0x20 d:/program files/psoc creator 4/psoc creator/4.0/psoc creator/import/gnu/arm/4.9.3/bin/../lib/gcc/arm-none-eabi/4.9.3/../../../../arm-none-eabi/lib/armv7-m\libm.a(lib_a-w_atan2.o)
 .debug_frame   0x00002760       0x44 d:/program files/psoc creator 4/psoc creator/4.0/psoc creator/import/gnu/arm/4.9.3/bin/../lib/gcc/arm-none-eabi/4.9.3/../../../../arm-none-eabi/lib/armv7-m\libm.a(lib_a-w_pow.o)
 .debug_frame   0x000027a4       0x48 d:/program files/psoc creator 4/psoc creator/4.0/psoc creator/import/gnu/arm/4.9.3/bin/../lib/gcc/arm-none-eabi/4.9.3/../../../../arm-none-eabi/lib/armv7-m\libm.a(lib_a-e_atan2.o)
 .debug_frame   0x000027ec       0x64 d:/program files/psoc creator 4/psoc creator/4.0/psoc creator/import/gnu/arm/4.9.3/bin/../lib/gcc/arm-none-eabi/4.9.3/../../../../arm-none-eabi/lib/armv7-m\libm.a(lib_a-e_pow.o)
 .debug_frame   0x00002850       0x30 d:/program files/psoc creator 4/psoc creator/4.0/psoc creator/import/gnu/arm/4.9.3/bin/../lib/gcc/arm-none-eabi/4.9.3/../../../../arm-none-eabi/lib/armv7-m\libm.a(lib_a-e_sqrt.o)
 .debug_frame   0x00002880       0x38 d:/program files/psoc creator 4/psoc creator/4.0/psoc creator/import/gnu/arm/4.9.3/bin/../lib/gcc/arm-none-eabi/4.9.3/../../../../arm-none-eabi/lib/armv7-m\libm.a(lib_a-s_atan.o)
 .debug_frame   0x000028b8       0x20 d:/program files/psoc creator 4/psoc creator/4.0/psoc creator/import/gnu/arm/4.9.3/bin/../lib/gcc/arm-none-eabi/4.9.3/../../../../arm-none-eabi/lib/armv7-m\libm.a(lib_a-s_fabs.o)
 .debug_frame   0x000028d8       0x20 d:/program files/psoc creator 4/psoc creator/4.0/psoc creator/import/gnu/arm/4.9.3/bin/../lib/gcc/arm-none-eabi/4.9.3/../../../../arm-none-eabi/lib/armv7-m\libm.a(lib_a-s_finite.o)
 .debug_frame   0x000028f8       0x34 d:/program files/psoc creator 4/psoc creator/4.0/psoc creator/import/gnu/arm/4.9.3/bin/../lib/gcc/arm-none-eabi/4.9.3/../../../../arm-none-eabi/lib/armv7-m\libm.a(lib_a-s_fpclassify.o)
 .debug_frame   0x0000292c       0x20 d:/program files/psoc creator 4/psoc creator/4.0/psoc creator/import/gnu/arm/4.9.3/bin/../lib/gcc/arm-none-eabi/4.9.3/../../../../arm-none-eabi/lib/armv7-m\libm.a(lib_a-s_matherr.o)
 .debug_frame   0x0000294c       0x20 d:/program files/psoc creator 4/psoc creator/4.0/psoc creator/import/gnu/arm/4.9.3/bin/../lib/gcc/arm-none-eabi/4.9.3/../../../../arm-none-eabi/lib/armv7-m\libm.a(lib_a-s_nan.o)
 .debug_frame   0x0000296c       0x3c d:/program files/psoc creator 4/psoc creator/4.0/psoc creator/import/gnu/arm/4.9.3/bin/../lib/gcc/arm-none-eabi/4.9.3/../../../../arm-none-eabi/lib/armv7-m\libm.a(lib_a-s_rint.o)
 .debug_frame   0x000029a8       0x30 d:/program files/psoc creator 4/psoc creator/4.0/psoc creator/import/gnu/arm/4.9.3/bin/../lib/gcc/arm-none-eabi/4.9.3/../../../../arm-none-eabi/lib/armv7-m\libm.a(lib_a-s_scalbn.o)
 .debug_frame   0x000029d8       0x20 d:/program files/psoc creator 4/psoc creator/4.0/psoc creator/import/gnu/arm/4.9.3/bin/../lib/gcc/arm-none-eabi/4.9.3/../../../../arm-none-eabi/lib/armv7-m\libm.a(lib_a-s_copysign.o)
 .debug_frame   0x000029f8       0x28 d:/program files/psoc creator 4/psoc creator/4.0/psoc creator/import/gnu/arm/4.9.3/bin/../lib/gcc/arm-none-eabi/4.9.3/armv7-m\libgcc.a(_aeabi_ldivmod.o)
 .debug_frame   0x00002a20       0x54 d:/program files/psoc creator 4/psoc creator/4.0/psoc creator/import/gnu/arm/4.9.3/bin/../lib/gcc/arm-none-eabi/4.9.3/armv7-m\libgcc.a(bpabi.o)
 .debug_frame   0x00002a74       0x34 d:/program files/psoc creator 4/psoc creator/4.0/psoc creator/import/gnu/arm/4.9.3/bin/../lib/gcc/arm-none-eabi/4.9.3/armv7-m\libgcc.a(_divdi3.o)
 .debug_frame   0x00002aa8       0x34 d:/program files/psoc creator 4/psoc creator/4.0/psoc creator/import/gnu/arm/4.9.3/bin/../lib/gcc/arm-none-eabi/4.9.3/armv7-m\libgcc.a(_udivdi3.o)
 .debug_frame   0x00002adc       0x20 d:/program files/psoc creator 4/psoc creator/4.0/psoc creator/import/gnu/arm/4.9.3/bin/../lib/gcc/arm-none-eabi/4.9.3/../../../../arm-none-eabi/lib/armv7-m\libg.a(lib_a-errno.o)
 .debug_frame   0x00002afc       0x28 d:/program files/psoc creator 4/psoc creator/4.0/psoc creator/import/gnu/arm/4.9.3/bin/../lib/gcc/arm-none-eabi/4.9.3/../../../../arm-none-eabi/lib/armv7-m\libg.a(lib_a-exit.o)
 .debug_frame   0x00002b24       0x2c d:/program files/psoc creator 4/psoc creator/4.0/psoc creator/import/gnu/arm/4.9.3/bin/../lib/gcc/arm-none-eabi/4.9.3/../../../../arm-none-eabi/lib/armv7-m\libg.a(lib_a-init.o)
 .debug_frame   0x00002b50       0x34 d:/program files/psoc creator 4/psoc creator/4.0/psoc creator/import/gnu/arm/4.9.3/bin/../lib/gcc/arm-none-eabi/4.9.3/../../../../arm-none-eabi/lib/armv7-m\libg.a(lib_a-memset.o)
 .debug_frame   0x00002b84       0x78 d:/program files/psoc creator 4/psoc creator/4.0/psoc creator/import/gnu/arm/4.9.3/bin/../lib/gcc/arm-none-eabi/4.9.3/../../../../arm-none-eabi/lib/armv7-m\libg.a(lib_a-printf.o)
 .debug_frame   0x00002bfc       0x44 d:/program files/psoc creator 4/psoc creator/4.0/psoc creator/import/gnu/arm/4.9.3/bin/../lib/gcc/arm-none-eabi/4.9.3/../../../../arm-none-eabi/lib/armv7-m\libg.a(lib_a-puts.o)
 .debug_frame   0x00002c40       0x20 d:/program files/psoc creator 4/psoc creator/4.0/psoc creator/import/gnu/arm/4.9.3/bin/../lib/gcc/arm-none-eabi/4.9.3/../../../../arm-none-eabi/lib/armv7-m\libg.a(lib_a-strlen.o)
 .debug_frame   0x00002c60       0x90 d:/program files/psoc creator 4/psoc creator/4.0/psoc creator/import/gnu/arm/4.9.3/bin/../lib/gcc/arm-none-eabi/4.9.3/../../../../arm-none-eabi/lib/armv7-m\libg.a(lib_a-vfprintf.o)
 .debug_frame   0x00002cf0       0x2c d:/program files/psoc creator 4/psoc creator/4.0/psoc creator/import/gnu/arm/4.9.3/bin/../lib/gcc/arm-none-eabi/4.9.3/../../../../arm-none-eabi/lib/armv7-m\libg.a(lib_a-wsetup.o)
 .debug_frame   0x00002d1c       0x50 d:/program files/psoc creator 4/psoc creator/4.0/psoc creator/import/gnu/arm/4.9.3/bin/../lib/gcc/arm-none-eabi/4.9.3/../../../../arm-none-eabi/lib/armv7-m\libg.a(lib_a-__call_atexit.o)
 .debug_frame   0x00002d6c       0x20 d:/program files/psoc creator 4/psoc creator/4.0/psoc creator/import/gnu/arm/4.9.3/bin/../lib/gcc/arm-none-eabi/4.9.3/../../../../arm-none-eabi/lib/armv7-m\libg.a(lib_a-atexit.o)
 .debug_frame   0x00002d8c       0x84 d:/program files/psoc creator 4/psoc creator/4.0/psoc creator/import/gnu/arm/4.9.3/bin/../lib/gcc/arm-none-eabi/4.9.3/../../../../arm-none-eabi/lib/armv7-m\libg.a(lib_a-dtoa.o)
 .debug_frame   0x00002e10       0x6c d:/program files/psoc creator 4/psoc creator/4.0/psoc creator/import/gnu/arm/4.9.3/bin/../lib/gcc/arm-none-eabi/4.9.3/../../../../arm-none-eabi/lib/armv7-m\libg.a(lib_a-fflush.o)
 .debug_frame   0x00002e7c      0x124 d:/program files/psoc creator 4/psoc creator/4.0/psoc creator/import/gnu/arm/4.9.3/bin/../lib/gcc/arm-none-eabi/4.9.3/../../../../arm-none-eabi/lib/armv7-m\libg.a(lib_a-findfp.o)
 .debug_frame   0x00002fa0       0x34 d:/program files/psoc creator 4/psoc creator/4.0/psoc creator/import/gnu/arm/4.9.3/bin/../lib/gcc/arm-none-eabi/4.9.3/../../../../arm-none-eabi/lib/armv7-m\libg.a(lib_a-fini.o)
 .debug_frame   0x00002fd4       0x74 d:/program files/psoc creator 4/psoc creator/4.0/psoc creator/import/gnu/arm/4.9.3/bin/../lib/gcc/arm-none-eabi/4.9.3/../../../../arm-none-eabi/lib/armv7-m\libg.a(lib_a-freer.o)
 .debug_frame   0x00003048       0x68 d:/program files/psoc creator 4/psoc creator/4.0/psoc creator/import/gnu/arm/4.9.3/bin/../lib/gcc/arm-none-eabi/4.9.3/../../../../arm-none-eabi/lib/armv7-m\libg.a(lib_a-fvwrite.o)
 .debug_frame   0x000030b0       0x54 d:/program files/psoc creator 4/psoc creator/4.0/psoc creator/import/gnu/arm/4.9.3/bin/../lib/gcc/arm-none-eabi/4.9.3/../../../../arm-none-eabi/lib/armv7-m\libg.a(lib_a-fwalk.o)
 .debug_frame   0x00003104       0x9c d:/program files/psoc creator 4/psoc creator/4.0/psoc creator/import/gnu/arm/4.9.3/bin/../lib/gcc/arm-none-eabi/4.9.3/../../../../arm-none-eabi/lib/armv7-m\libg.a(lib_a-locale.o)
 .debug_frame   0x000031a0       0x48 d:/program files/psoc creator 4/psoc creator/4.0/psoc creator/import/gnu/arm/4.9.3/bin/../lib/gcc/arm-none-eabi/4.9.3/../../../../arm-none-eabi/lib/armv7-m\libg.a(lib_a-makebuf.o)
 .debug_frame   0x000031e8       0x54 d:/program files/psoc creator 4/psoc creator/4.0/psoc creator/import/gnu/arm/4.9.3/bin/../lib/gcc/arm-none-eabi/4.9.3/../../../../arm-none-eabi/lib/armv7-m\libg.a(lib_a-mallocr.o)
 .debug_frame   0x0000323c       0x3c d:/program files/psoc creator 4/psoc creator/4.0/psoc creator/import/gnu/arm/4.9.3/bin/../lib/gcc/arm-none-eabi/4.9.3/../../../../arm-none-eabi/lib/armv7-m\libg.a(lib_a-memchr.o)
 .debug_frame   0x00003278       0x30 d:/program files/psoc creator 4/psoc creator/4.0/psoc creator/import/gnu/arm/4.9.3/bin/../lib/gcc/arm-none-eabi/4.9.3/../../../../arm-none-eabi/lib/armv7-m\libg.a(lib_a-memmove.o)
 .debug_frame   0x000032a8       0x30 d:/program files/psoc creator 4/psoc creator/4.0/psoc creator/import/gnu/arm/4.9.3/bin/../lib/gcc/arm-none-eabi/4.9.3/../../../../arm-none-eabi/lib/armv7-m\libg.a(lib_a-mlock.o)
 .debug_frame   0x000032d8      0x268 d:/program files/psoc creator 4/psoc creator/4.0/psoc creator/import/gnu/arm/4.9.3/bin/../lib/gcc/arm-none-eabi/4.9.3/../../../../arm-none-eabi/lib/armv7-m\libg.a(lib_a-mprec.o)
 .debug_frame   0x00003540       0x58 d:/program files/psoc creator 4/psoc creator/4.0/psoc creator/import/gnu/arm/4.9.3/bin/../lib/gcc/arm-none-eabi/4.9.3/../../../../arm-none-eabi/lib/armv7-m\libg.a(lib_a-reallocr.o)
 .debug_frame   0x00003598       0x2c d:/program files/psoc creator 4/psoc creator/4.0/psoc creator/import/gnu/arm/4.9.3/bin/../lib/gcc/arm-none-eabi/4.9.3/../../../../arm-none-eabi/lib/armv7-m\libg.a(lib_a-sbrkr.o)
 .debug_frame   0x000035c4       0x88 d:/program files/psoc creator 4/psoc creator/4.0/psoc creator/import/gnu/arm/4.9.3/bin/../lib/gcc/arm-none-eabi/4.9.3/../../../../arm-none-eabi/lib/armv7-m\libg.a(lib_a-stdio.o)
 .debug_frame   0x0000364c       0xd8 d:/program files/psoc creator 4/psoc creator/4.0/psoc creator/import/gnu/arm/4.9.3/bin/../lib/gcc/arm-none-eabi/4.9.3/../../../../arm-none-eabi/lib/armv7-m\libg.a(lib_a-vfiprintf.o)
 .debug_frame   0x00003724       0x2c d:/program files/psoc creator 4/psoc creator/4.0/psoc creator/import/gnu/arm/4.9.3/bin/../lib/gcc/arm-none-eabi/4.9.3/../../../../arm-none-eabi/lib/armv7-m\libg.a(lib_a-writer.o)
 .debug_frame   0x00003750       0x34 d:/program files/psoc creator 4/psoc creator/4.0/psoc creator/import/gnu/arm/4.9.3/bin/../lib/gcc/arm-none-eabi/4.9.3/../../../../arm-none-eabi/lib/armv7-m\libg.a(lib_a-__atexit.o)
 .debug_frame   0x00003784       0x28 d:/program files/psoc creator 4/psoc creator/4.0/psoc creator/import/gnu/arm/4.9.3/bin/../lib/gcc/arm-none-eabi/4.9.3/../../../../arm-none-eabi/lib/armv7-m\libg.a(lib_a-callocr.o)
 .debug_frame   0x000037ac       0x2c d:/program files/psoc creator 4/psoc creator/4.0/psoc creator/import/gnu/arm/4.9.3/bin/../lib/gcc/arm-none-eabi/4.9.3/../../../../arm-none-eabi/lib/armv7-m\libg.a(lib_a-closer.o)
 .debug_frame   0x000037d8       0x44 d:/program files/psoc creator 4/psoc creator/4.0/psoc creator/import/gnu/arm/4.9.3/bin/../lib/gcc/arm-none-eabi/4.9.3/../../../../arm-none-eabi/lib/armv7-m\libg.a(lib_a-fclose.o)
 .debug_frame   0x0000381c       0x84 d:/program files/psoc creator 4/psoc creator/4.0/psoc creator/import/gnu/arm/4.9.3/bin/../lib/gcc/arm-none-eabi/4.9.3/../../../../arm-none-eabi/lib/armv7-m\libg.a(lib_a-fputwc.o)
 .debug_frame   0x000038a0       0x2c d:/program files/psoc creator 4/psoc creator/4.0/psoc creator/import/gnu/arm/4.9.3/bin/../lib/gcc/arm-none-eabi/4.9.3/../../../../arm-none-eabi/lib/armv7-m\libg.a(lib_a-fstatr.o)
 .debug_frame   0x000038cc       0x2c d:/program files/psoc creator 4/psoc creator/4.0/psoc creator/import/gnu/arm/4.9.3/bin/../lib/gcc/arm-none-eabi/4.9.3/../../../../arm-none-eabi/lib/armv7-m\libg.a(lib_a-isattyr.o)
 .debug_frame   0x000038f8       0x2c d:/program files/psoc creator 4/psoc creator/4.0/psoc creator/import/gnu/arm/4.9.3/bin/../lib/gcc/arm-none-eabi/4.9.3/../../../../arm-none-eabi/lib/armv7-m\libg.a(lib_a-lseekr.o)
 .debug_frame   0x00003924       0x2c d:/program files/psoc creator 4/psoc creator/4.0/psoc creator/import/gnu/arm/4.9.3/bin/../lib/gcc/arm-none-eabi/4.9.3/../../../../arm-none-eabi/lib/armv7-m\libg.a(lib_a-readr.o)
 .debug_frame   0x00003950       0x58 d:/program files/psoc creator 4/psoc creator/4.0/psoc creator/import/gnu/arm/4.9.3/bin/../lib/gcc/arm-none-eabi/4.9.3/../../../../arm-none-eabi/lib/armv7-m\libg.a(lib_a-reent.o)
 .debug_frame   0x000039a8       0x3c d:/program files/psoc creator 4/psoc creator/4.0/psoc creator/import/gnu/arm/4.9.3/bin/../lib/gcc/arm-none-eabi/4.9.3/../../../../arm-none-eabi/lib/armv7-m\libg.a(lib_a-wbuf.o)
 .debug_frame   0x000039e4       0x60 d:/program files/psoc creator 4/psoc creator/4.0/psoc creator/import/gnu/arm/4.9.3/bin/../lib/gcc/arm-none-eabi/4.9.3/../../../../arm-none-eabi/lib/armv7-m\libg.a(lib_a-wcrtomb.o)
 .debug_frame   0x00003a44       0x48 d:/program files/psoc creator 4/psoc creator/4.0/psoc creator/import/gnu/arm/4.9.3/bin/../lib/gcc/arm-none-eabi/4.9.3/../../../../arm-none-eabi/lib/armv7-m\libg.a(lib_a-wctomb_r.o)
 .debug_frame   0x00003a8c       0x28 d:/program files/psoc creator 4/psoc creator/4.0/psoc creator/import/gnu/arm/4.9.3/bin/../lib/gcc/arm-none-eabi/4.9.3/armv7-m\libgcc.a(_aeabi_uldivmod.o)
 .debug_frame   0x00003ab4       0x20 d:/program files/psoc creator 4/psoc creator/4.0/psoc creator/import/gnu/arm/4.9.3/bin/../lib/gcc/arm-none-eabi/4.9.3/../../../../arm-none-eabi/lib/armv7-m\libnosys.a(close.o)
 .debug_frame   0x00003ad4       0x20 d:/program files/psoc creator 4/psoc creator/4.0/psoc creator/import/gnu/arm/4.9.3/bin/../lib/gcc/arm-none-eabi/4.9.3/../../../../arm-none-eabi/lib/armv7-m\libnosys.a(fstat.o)
 .debug_frame   0x00003af4       0x20 d:/program files/psoc creator 4/psoc creator/4.0/psoc creator/import/gnu/arm/4.9.3/bin/../lib/gcc/arm-none-eabi/4.9.3/../../../../arm-none-eabi/lib/armv7-m\libnosys.a(isatty.o)
 .debug_frame   0x00003b14       0x20 d:/program files/psoc creator 4/psoc creator/4.0/psoc creator/import/gnu/arm/4.9.3/bin/../lib/gcc/arm-none-eabi/4.9.3/../../../../arm-none-eabi/lib/armv7-m\libnosys.a(lseek.o)

.debug_str      0x00000000     0x3321
 *(.debug_str)
 .debug_str     0x00000000      0x202 .\CortexM3\ARM_GCC_493\Debug\main.o
                                0x262 (size before relaxing)
 .debug_str     0x00000202       0x5e .\CortexM3\ARM_GCC_493\Debug\Accel.o
                                0x201 (size before relaxing)
 .debug_str     0x00000260       0x2a .\CortexM3\ARM_GCC_493\Debug\Ambient.o
                                0x1b5 (size before relaxing)
 .debug_str     0x0000028a       0x39 .\CortexM3\ARM_GCC_493\Debug\Gyro.o
                                0x1d7 (size before relaxing)
 .debug_str     0x000002c3       0xb0 .\CortexM3\ARM_GCC_493\Debug\I2C_made.o
                                0x260 (size before relaxing)
 .debug_str     0x00000373       0x61 .\CortexM3\ARM_GCC_493\Debug\IR.o
                                0x211 (size before relaxing)
 .debug_str     0x000003d4       0x1d .\CortexM3\ARM_GCC_493\Debug\Magnet.o
                                0x1e3 (size before relaxing)
 .debug_str     0x000003f1       0xb4 .\CortexM3\ARM_GCC_493\Debug\Motor.o
                                0x279 (size before relaxing)
 .debug_str     0x000004a5       0x52 .\CortexM3\ARM_GCC_493\Debug\Nunchuk.o
                                0x259 (size before relaxing)
 .debug_str     0x000004f7      0x2c3 .\CortexM3\ARM_GCC_493\Debug\Reflectance.o
                                0x48b (size before relaxing)
 .debug_str     0x000007ba      0x283 .\CortexM3\ARM_GCC_493\Debug\Ultra.o
                                0x478 (size before relaxing)
 .debug_str     0x00000a3d       0x75 .\CortexM3\ARM_GCC_493\Debug\Beep.o
                                0x221 (size before relaxing)
 .debug_str     0x00000ab2       0x75 .\CortexM3\ARM_GCC_493\Debug\cymetadata.o
                                0x1f3 (size before relaxing)
 .debug_str     0x00000b27      0x14b .\CortexM3\ARM_GCC_493\Debug\Cm3Start.o
                                0x307 (size before relaxing)
 .debug_str     0x00000c72      0x17c .\CortexM3\ARM_GCC_493\Debug\ZumoBot.a(cyfitter_cfg.o)
                                0x34b (size before relaxing)
 .debug_str     0x00000dee       0xeb .\CortexM3\ARM_GCC_493\Debug\ZumoBot.a(PWM.o)
                                0x34d (size before relaxing)
 .debug_str     0x00000ed9       0xfd .\CortexM3\ARM_GCC_493\Debug\ZumoBot.a(I2C.o)